$$S_hackernews$2dreframe$2e_e_b3cff659:ba
$$S_hackernews$2dreframe$2es_62826f73:ca
$$S_re$2d_frame$2estd$2dinterce_dc3eb193:da
$$S_re$2dgraph$2e_core:ea
$$S_re$2dgraph$2einternals:fa
$$S_secretary$2e_core:ha
G__26970_27300:hF
G__26979_27308:iF
G__27118_27441:jF
G__27125_27443:kF
G__27187_27533:qF
G__27195_27543:rF
G__27221_27313:tF
G__27224_27316:uF
G__27226_27318:vF
G__27228_27322:wF
G__27230_27324:xF
G__27233_27327:yF
G__27236_27329:zF
G__27238_27331:AF
G__27241_27333:BF
G__27244_27336:CF
G__27246_27339:DF
G__27249_27342:EF
G__27253_27344:FF
G__27256_27348:GF
G__27259_27355:HF
G__27262_27357:IF
G__27271_27359:JF
G__27274_27362:KF
G__27276_27366:LF
G__27278_27368:MF
G__27280_27371:NF
G__27282_27375:OF
G__27286_27377:PF
G__27288_27383:QF
G__27290_27390:RF
G__27292_27393:SF
G__27295_27397:TF
G__27298_27402:UF
G__27303_27406:VF
G__27306_27410:WF
G__27310_27414:XF
G__27722_28025:AG
G__27750_28031:BG
G__27752_28033:CG
G__27755_28035:DG
G__27757_28039:EG
G__28397_28398$jscomp$inline_1987:DH
JSCompiler_StaticMethods_addCallbackEntry_:Hy
JSCompiler_StaticMethods_addCallbacks:$z
JSCompiler_StaticMethods_addChildPromise_:Cy
JSCompiler_StaticMethods_assoc_BANG_:Rj
JSCompiler_StaticMethods_cancelInternal_:Ey
JSCompiler_StaticMethods_cleanUpTimeoutTimer_:Kz
JSCompiler_StaticMethods_cleanUpXhr_:Nz
JSCompiler_StaticMethods_cleanupKeysArray_:Bc
JSCompiler_StaticMethods_cljs$core$IMultiFn$_add_method$arity$3:Il
JSCompiler_StaticMethods_cljs$core$IMultiFn$_get_method$arity$2:Hl
JSCompiler_StaticMethods_cljs$core$ITransientVector$_assoc_n_BANG_$arity$3:Wi
JSCompiler_StaticMethods_cljs$core$async$impl$channels$MMC$abort$arity$1:pE
JSCompiler_StaticMethods_cljs$core$async$impl$protocols$Buffer$full_QMARK_$arity$1:cE
JSCompiler_StaticMethods_convert:UA
JSCompiler_StaticMethods_createInstance:Ez
JSCompiler_StaticMethods_decodeArray:aB
JSCompiler_StaticMethods_dispatchErrors_:Mz
JSCompiler_StaticMethods_div:Ka
JSCompiler_StaticMethods_emitString:CB
JSCompiler_StaticMethods_enforceReadOnly:Hc
JSCompiler_StaticMethods_ensureKeyMapInitialized_:Sc
JSCompiler_StaticMethods_entry_at:gk
JSCompiler_StaticMethods_executeCallback_:Gy
JSCompiler_StaticMethods_fireListeners:vz
JSCompiler_StaticMethods_fire_:Yz
JSCompiler_StaticMethods_forceChunk:Dk
JSCompiler_StaticMethods_getIframeToken_:YG
JSCompiler_StaticMethods_getKeyName_:Tc
JSCompiler_StaticMethods_getLocationFragment_:WG
JSCompiler_StaticMethods_getOptions:Az
JSCompiler_StaticMethods_getProgId_:Bz
JSCompiler_StaticMethods_getReadyState:Pz
JSCompiler_StaticMethods_getResponse:Tz
JSCompiler_StaticMethods_getStatus:Qz
JSCompiler_StaticMethods_getToken:SG
JSCompiler_StaticMethods_hasErrback_:aA
JSCompiler_StaticMethods_isSuccess:Rz
JSCompiler_StaticMethods_isZero:Ma
JSCompiler_StaticMethods_listenOnce_:KG
JSCompiler_StaticMethods_markAsRemoved:az
JSCompiler_StaticMethods_negate:Na
JSCompiler_StaticMethods_onReadyStateChangeHelper_:Oz
JSCompiler_StaticMethods_parseString:$A
JSCompiler_StaticMethods_popEntry_:Fy
JSCompiler_StaticMethods_re_frame$router$IEventQueue$_call_post_event_callbacks$arity$2:Nx
JSCompiler_StaticMethods_re_frame$router$IEventQueue$_fsm_trigger$arity$3:Jx
JSCompiler_StaticMethods_re_frame$router$IEventQueue$_pause$arity$2:Mx
JSCompiler_StaticMethods_re_frame$router$IEventQueue$_process_1st_event_in_queue$arity$1:Kx
JSCompiler_StaticMethods_re_frame$router$IEventQueue$_run_next_tick$arity$1:Lx
JSCompiler_StaticMethods_re_frame$router$IEventQueue$_run_queue$arity$1:Ix
JSCompiler_StaticMethods_removeByKey:dz
JSCompiler_StaticMethods_resolve_:wy
JSCompiler_StaticMethods_scheduleCallbacks_:Iy
JSCompiler_StaticMethods_setHash_:RG
JSCompiler_StaticMethods_setIframeToken_:TG
JSCompiler_StaticMethods_setQueryData:Ic
JSCompiler_StaticMethods_setResponseType:Jz
JSCompiler_StaticMethods_shiftRightUnsigned:Ta
JSCompiler_StaticMethods_subtract:La
JSCompiler_StaticMethods_sval:Jg
JSCompiler_StaticMethods_toNumber:Ha
JSCompiler_StaticMethods_updateResult_:Xz
JSCompiler_StaticMethods_update_:XG
JSCompiler_inline_result$jscomp$210:Yw
JSCompiler_prototypeAlias:h
L 0:a
L 1:b
L 10:r
L 11:t
L 12:x
L 13:v
L 14:z
L 15:H
L 16:I
L 17:V
L 18:aa
L 19:oa
L 2:c
L 20:Ia
L 21:ub
L 22:ui
L 3:d
L 4:e
L 5:f
L 6:g
L 7:k
L 8:n
L 9:q
arr$jscomp$inline_1202:Vw
cached_hierarchy__4622__auto__$jscomp$inline_2355:tC
cljs:Vc
cljs$core:Wc
cljs$core$ArrayChunk:Lg
cljs$core$ArrayIter:mh
cljs$core$ArrayNode:Aj
cljs$core$ArrayNodeIterator:Ej
cljs$core$ArrayNodeSeq:Lj
cljs$core$Atom:Kh
cljs$core$BitmapIndexedNode:wj
cljs$core$BitmapIndexedNode$EMPTY:zj
cljs$core$BlackNode:Wj
cljs$core$Box:pj
cljs$core$ChunkBuffer:Kg
cljs$core$ChunkedCons:Ng
cljs$core$ChunkedSeq:Pi
cljs$core$Cons:Dg
cljs$core$EMPTY:vh
cljs$core$ES6EntriesIterator:dj
cljs$core$ES6Iterator:cf
cljs$core$ES6IteratorSeq:ef
cljs$core$ES6SetEntriesIterator:ej
cljs$core$Eduction:jl
cljs$core$Empty:uh
cljs$core$EmptyList:Bg
cljs$core$ExceptionInfo:Kl
cljs$core$Fn:td
cljs$core$HashCollisionNode:Ij
cljs$core$HashMapIter:Nj
cljs$core$HashSetIter:pk
cljs$core$IAssociative:Nd
cljs$core$ICollection:Ad
cljs$core$ICounted:wd
cljs$core$IDeref:ae
cljs$core$IEmptyableCollection:yd
cljs$core$IEncodeClojure:pl
cljs$core$IEncodeJS:kl
cljs$core$IFind:Pd
cljs$core$IFn:ud
cljs$core$IIndexed:Cd
cljs$core$IIndexed$_nth$dyn_20054:Ed
cljs$core$IIterable:Ie
cljs$core$IKVReduce:he
cljs$core$IList:oe
cljs$core$ILookup:Kd
cljs$core$ILookup$_lookup$dyn_20066:Md
cljs$core$IMap:Rd
cljs$core$IMeta:be
cljs$core$INIT:nh
cljs$core$INext:Id
cljs$core$IPrintWithWriter:re
cljs$core$IRecord:pe
cljs$core$IReduce:ee
cljs$core$IReduce$_reduce$dyn_20093:ge
cljs$core$ISeq:Fd
cljs$core$ISeqable:le
cljs$core$ISequential:ne
cljs$core$ISet:Vd
cljs$core$ISwap$_swap_BANG_$dyn_20170:He
cljs$core$ITER_SYMBOL:nd
cljs$core$IVector:Zd
cljs$core$IndexedSeq:E
cljs$core$IndexedSeqIterator:zf
cljs$core$Iterate:Vh
cljs$core$KeySeq:ik
cljs$core$Keyword:C
cljs$core$LazySeq:Ig
cljs$core$List:Kf
cljs$core$List$EMPTY:bf
cljs$core$Many:rh
cljs$core$MapEntry:lg
cljs$core$MetaFn:Qf
cljs$core$MultiFn:Fl
cljs$core$NONE:sh
cljs$core$NeverEquiv:aj
cljs$core$NodeIterator:vj
cljs$core$NodeSeq:Jj
cljs$core$PROTOCOL_SENTINEL:m
cljs$core$PersistentArrayMap:p
cljs$core$PersistentArrayMap$EMPTY:kh
cljs$core$PersistentArrayMap$HASHMAP_THRESHOLD:lj
cljs$core$PersistentArrayMap$createAsIfByAssoc:Nf
cljs$core$PersistentArrayMap$fromArray:nj
cljs$core$PersistentArrayMapIterator:hj
cljs$core$PersistentArrayMapSeq:gj
cljs$core$PersistentHashMap:Oj
cljs$core$PersistentHashMap$EMPTY:mj
cljs$core$PersistentHashMap$fromArrays:Qj
cljs$core$PersistentHashSet:qk
cljs$core$PersistentHashSet$EMPTY:sk
cljs$core$PersistentQueue:Zi
cljs$core$PersistentQueue$EMPTY:$i
cljs$core$PersistentQueueIter:Xi
cljs$core$PersistentQueueSeq:Yi
cljs$core$PersistentTreeMap:fk
cljs$core$PersistentTreeMapSeq:Tj
cljs$core$PersistentTreeSet:tk
cljs$core$PersistentVector:R
cljs$core$PersistentVector$EMPTY:Jf
cljs$core$PersistentVector$EMPTY_NODE:S
cljs$core$PersistentVector$fromArray:Ji
cljs$core$RSeq:Cf
cljs$core$Range:Ck
cljs$core$RangeChunk:Ak
cljs$core$RangeIterator:Bk
cljs$core$RangedIterator:Ai
cljs$core$RedNode:Vj
cljs$core$Reduced:lf
cljs$core$Repeat:Sh
cljs$core$START:oh
cljs$core$SeqIter:ph
cljs$core$Single:th
cljs$core$StringBufferWriter:Ke
cljs$core$StringIter:lh
cljs$core$Subvec:Ri
cljs$core$Symbol:Xe
cljs$core$TransformerIterator:xh
cljs$core$TransientArrayMap:kj
cljs$core$TransientHashMap:Pj
cljs$core$TransientHashSet:rk
cljs$core$TransientVector:Ei
cljs$core$UNREALIZED_SEED:Uh
cljs$core$UUID:Jl
cljs$core$ValSeq:jk
cljs$core$VectorNode:oi
cljs$core$_EQ_:J
cljs$core$_EQ__EQ_:yg
cljs$core$_EQ__EQ_$cljs$0core$0IFn$0_invoke$0arity$02:zg
cljs$core$_STAR_print_fn_STAR_:Yc
cljs$core$_STAR_print_level_STAR_:$c
cljs$core$_STAR_print_newline_STAR_:Zc
cljs$core$_add_watch:te
cljs$core$_as_transient:we
cljs$core$_assoc:Od
cljs$core$_assoc_BANG_:ze
cljs$core$_assoc_n:$d
cljs$core$_chunked_first:Be
cljs$core$_chunked_rest:Ce
cljs$core$_clj__GT_js:ll
cljs$core$_clone:vd
cljs$core$_conj:Bd
cljs$core$_conj_BANG_:xe
cljs$core$_count:xd
cljs$core$_deref:A
cljs$core$_disjoin:Wd
cljs$core$_dissoc:Sd
cljs$core$_drop_first:Ae
cljs$core$_empty:zd
cljs$core$_equiv:je
cljs$core$_find:Qd
cljs$core$_first:Gd
cljs$core$_global_hierarchy:tl
cljs$core$_hash:ke
cljs$core$_indexOf$cljs$0core$0IFn$0_invoke$0arity$03:K
cljs$core$_iterator:Je
cljs$core$_js__GT_clj:ql
cljs$core$_key:Td
cljs$core$_kv_reduce:ie
cljs$core$_lastIndexOf$cljs$0core$0IFn$0_invoke$0arity$03:yf
cljs$core$_lookup:Ld
cljs$core$_meta:ce
cljs$core$_name:De
cljs$core$_namespace:Ee
cljs$core$_next:Jd
cljs$core$_nth:Dd
cljs$core$_peek:Xd
cljs$core$_persistent_BANG_:ye
cljs$core$_pop:Yd
cljs$core$_pr_writer:se
cljs$core$_reduce:fe
cljs$core$_remove_watch:ve
cljs$core$_reset_BANG_:Fe
cljs$core$_rest:Hd
cljs$core$_seq:me
cljs$core$_swap_BANG_:Ge
cljs$core$_val:Ud
cljs$core$_with_meta:de
cljs$core$_write:qe
cljs$core$aclone:od
cljs$core$apply:Rf
cljs$core$apply$cljs$0core$0IFn$0_invoke$0arity$02:Q
cljs$core$apply$cljs$0core$0IFn$0_invoke$0arity$03:ch
cljs$core$apply$cljs$0core$0IFn$0_invoke$0arity$04:dh
cljs$core$apply$cljs$0core$0IFn$0_invoke$0arity$05:eh
cljs$core$apply$cljs$0core$0IFn$0_invoke$0arity$0variadic:fh
cljs$core$apply_to:Xg
cljs$core$apply_to_simple$cljs$0core$0IFn$0_invoke$0arity$03:Zg
cljs$core$apply_to_simple$cljs$0core$0IFn$0_invoke$0arity$04:$g
cljs$core$apply_to_simple$cljs$0core$0IFn$0_invoke$0arity$05:ah
cljs$core$apply_to_simple$cljs$0core$0IFn$0_invoke$0arity$06:bh
cljs$core$array_QMARK_:id
cljs$core$array__GT_transient_hash_map:oj
cljs$core$array_copy:eg
cljs$core$array_for:xi
cljs$core$array_index_of:fj
cljs$core$array_map:hk
cljs$core$array_reduce$cljs$0core$0IFn$0_invoke$0arity$02:rf
cljs$core$array_reduce$cljs$0core$0IFn$0_invoke$0arity$03:sf
cljs$core$array_reduce$cljs$0core$0IFn$0_invoke$0arity$04:tf
cljs$core$assoc:P
cljs$core$assoc_BANG_:Wg
cljs$core$assoc_in:fi
cljs$core$async:PD
cljs$core$async$chan$cljs$0core$0IFn$0_invoke$0arity$03:BE
cljs$core$async$fhnop:UD
cljs$core$async$fn_handler$cljs$0core$0IFn$0_invoke$0arity$02:AE
cljs$core$async$impl:RD
cljs$core$async$impl$buffers$FixedBuffer:bE
cljs$core$async$impl$buffers$RingBuffer:aE
cljs$core$async$impl$buffers$acopy:$D
cljs$core$async$impl$channels:jE
cljs$core$async$impl$channels$ManyToManyChannel:oE
cljs$core$async$impl$channels$PutBox:mE
cljs$core$async$impl$channels$box:lE
cljs$core$async$impl$channels$chan$cljs$0core$0IFn$0_invoke$0arity$03:sE
cljs$core$async$impl$channels$ex_handler:qE
cljs$core$async$impl$channels$handle:rE
cljs$core$async$impl$channels$put_active_QMARK_:nE
cljs$core$async$impl$channels$t_cljs$0core$0async$0impl$0channels23348:kE
cljs$core$async$impl$dispatch$process_messages:gE
cljs$core$async$impl$dispatch$queue_dispatcher:hE
cljs$core$async$impl$dispatch$queued_QMARK_:fE
cljs$core$async$impl$dispatch$run:iE
cljs$core$async$impl$dispatch$running_QMARK_:eE
cljs$core$async$impl$dispatch$tasks:dE
cljs$core$async$impl$ioc_helpers:tE
cljs$core$async$impl$ioc_helpers$fn_handler:vE
cljs$core$async$impl$ioc_helpers$put_BANG_:yE
cljs$core$async$impl$ioc_helpers$return_chan:zE
cljs$core$async$impl$ioc_helpers$run_state_machine_wrapped:wE
cljs$core$async$impl$ioc_helpers$t_cljs$0core$0async$0impl$0ioc_helpers24893:uE
cljs$core$async$impl$ioc_helpers$take_BANG_:xE
cljs$core$async$impl$protocols$active_QMARK_:WD
cljs$core$async$impl$protocols$add_BANG_:ZD
cljs$core$async$impl$protocols$add_BANG__STAR_:YD
cljs$core$async$impl$protocols$close_BANG_:VD
cljs$core$async$impl$protocols$commit:XD
cljs$core$async$impl$protocols$put_BANG_:TD
cljs$core$async$impl$protocols$take_BANG_:SD
cljs$core$async$map$cljs$0core$0IFn$0_invoke$0arity$02:FE
cljs$core$async$map$cljs$0core$0IFn$0_invoke$0arity$03:GE
cljs$core$async$pipe$cljs$0core$0IFn$0_invoke$0arity$03:EE
cljs$core$async$put_BANG_$cljs$0core$0IFn$0_invoke$0arity$02:DE
cljs$core$async$t_cljs$0core$0async25004:QD
cljs$core$async$take_BANG_$cljs$0core$0IFn$0_invoke$0arity$03:CE
cljs$core$atom$cljs$0core$0IFn$0_invoke$0arity$01:Lh
cljs$core$balance_left:Uj
cljs$core$balance_left_del:Yj
cljs$core$balance_right:Xj
cljs$core$balance_right_del:Zj
cljs$core$bit_count:xg
cljs$core$boolean$0:hg
cljs$core$bounded_count:Sg
cljs$core$build_subvec:Si
cljs$core$butlast:xk
cljs$core$char$0:vg
cljs$core$char_escapes:Tk
cljs$core$chunkIteratorSeq:wh
cljs$core$chunk_append:Pg
cljs$core$chunk_buffer:Mg
cljs$core$chunk_cons:Og
cljs$core$chunked_seq:Ii
cljs$core$chunked_seq$cljs$0core$0IFn$0_invoke$0arity$04:Hi
cljs$core$chunked_seq$cljs$0core$0IFn$0_invoke$0arity$05:Qi
cljs$core$chunked_seq_QMARK_:dg
cljs$core$ci_reduce$cljs$0core$0IFn$0_invoke$0arity$02:pf
cljs$core$ci_reduce$cljs$0core$0IFn$0_invoke$0arity$03:qf
cljs$core$clj__GT_js:nl
cljs$core$clone_and_set$cljs$0core$0IFn$0_invoke$0arity$03:rj
cljs$core$coll_QMARK_:Yf
cljs$core$complement:Ch
cljs$core$completing$cljs$0core$0IFn$0_invoke$0arity$02:rg
cljs$core$concat:Ug
cljs$core$conj:If
cljs$core$conj_BANG_:Vg
cljs$core$cons:Bf
cljs$core$constantly:Dh
cljs$core$contains_QMARK_:jg
cljs$core$count:M
cljs$core$counted_QMARK_:uf
cljs$core$create_array_node_seq:Gj
cljs$core$create_array_node_seq$cljs$0core$0IFn$0_invoke$0arity$01:Fj
cljs$core$create_array_node_seq$cljs$0core$0IFn$0_invoke$0arity$03:Mj
cljs$core$create_inode_seq:yj
cljs$core$create_inode_seq$cljs$0core$0IFn$0_invoke$0arity$01:xj
cljs$core$create_inode_seq$cljs$0core$0IFn$0_invoke$0arity$03:Kj
cljs$core$create_node:Cj
cljs$core$create_node$cljs$0core$0IFn$0_invoke$0arity$06:Dj
cljs$core$create_node$cljs$0core$0IFn$0_invoke$0arity$07:Bj
cljs$core$dec:tg
cljs$core$deref:of
cljs$core$disj:Wf
cljs$core$dissoc:Of
cljs$core$do_assoc:yi
cljs$core$doall$cljs$0core$0IFn$0_invoke$0arity$01:Jk
cljs$core$dominates:Cl
cljs$core$dorun$cljs$0core$0IFn$0_invoke$0arity$01:Ik
cljs$core$drop$cljs$0core$0IFn$0_invoke$0arity$02:Qh
cljs$core$drop_last$cljs$0core$0IFn$0_invoke$0arity$02:Rh
cljs$core$edit_and_set$cljs$0core$0IFn$0_invoke$0arity$04:tj
cljs$core$empty:Lf
cljs$core$empty_QMARK_:Xf
cljs$core$empty_ordered_hash:gf
cljs$core$empty_unordered_hash:jf
cljs$core$enable_console_print_BANG_:gd
cljs$core$equiv_map:cj
cljs$core$equiv_sequential:Af
cljs$core$es6_iterator:df
cljs$core$es6_iterator_seq:$e
cljs$core$even_QMARK_:Bh
cljs$core$every_QMARK_:zh
cljs$core$ex_info$cljs$0core$0IFn$0_invoke$0arity$02:Ll
cljs$core$filter$cljs$0core$0IFn$0_invoke$0arity$02:Yh
cljs$core$find:kg
cljs$core$find_and_cache_best_method:Dl
cljs$core$first:F
cljs$core$flatten:ai
cljs$core$fn_QMARK_:Pf
cljs$core$fnil$cljs$0core$0IFn$0_invoke$0arity$02:Fh
cljs$core$frequencies:Gk
cljs$core$gensym$cljs$0core$0IFn$0_invoke$0arity$01:il
cljs$core$gensym_counter:hl
cljs$core$get:B
cljs$core$get_global_hierarchy:ul
cljs$core$get_in$cljs$0core$0IFn$0_invoke$0arity$02:di
cljs$core$get_in$cljs$0core$0IFn$0_invoke$0arity$03:ei
cljs$core$hash:Ue
cljs$core$hash_collision_node_find_index:Hj
cljs$core$hash_combine:Ve
cljs$core$hash_map:T
cljs$core$hash_ordered_coll:ff
cljs$core$hash_string:Te
cljs$core$hash_unordered_coll:hf
cljs$core$identity:qg
cljs$core$ifn_QMARK_:ig
cljs$core$imul:Me
cljs$core$inc:kf
cljs$core$indexed_QMARK_:vf
cljs$core$inode_kv_reduce:uj
cljs$core$instance_QMARK_:We
cljs$core$interleave:Wh
cljs$core$interpose$cljs$0core$0IFn$0_invoke$0arity$02:Xh
cljs$core$into:Gh
cljs$core$into_array$cljs$0core$0IFn$0_invoke$0arity$02:pd
cljs$core$isa_QMARK_$cljs$0core$0IFn$0_invoke$0arity$03:yl
cljs$core$iter:qh
cljs$core$iter_reduce$cljs$0core$0IFn$0_invoke$0arity$02:mg
cljs$core$iter_reduce$cljs$0core$0IFn$0_invoke$0arity$03:ng
cljs$core$iterable_QMARK_:Ze
cljs$core$js__GT_clj$cljs$0core$0IFn$0_invoke$0arity$0variadic:rl
cljs$core$js_symbol_QMARK_:sd
cljs$core$juxt$cljs$0core$0IFn$0_invoke$0arity$02:Hk
cljs$core$keep$cljs$0core$0IFn$0_invoke$0arity$02:Jh
cljs$core$key:Mi
cljs$core$key__GT_js$cljs$0core$0IFn$0_invoke$0arity$02:ml
cljs$core$key_test:qj
cljs$core$keys:ij
cljs$core$keyword:Gg
cljs$core$keyword_identical_QMARK_:Eg
cljs$core$last:Hf
cljs$core$lift_ns:el
cljs$core$linear_traversal_nth$cljs$0core$0IFn$0_invoke$0arity$03:Mf
cljs$core$list:Cg
cljs$core$list_QMARK_:Ag
cljs$core$lookup_sentinel:fg
cljs$core$m3_fmix:Pe
cljs$core$m3_hash_unencoded_chars:Qe
cljs$core$m3_mix_H1:Oe
cljs$core$m3_mix_K1:Ne
cljs$core$map:Oh
cljs$core$map_QMARK_:ag
cljs$core$map_entry_QMARK_:Li
cljs$core$map_indexed$cljs$0core$0IFn$0_invoke$0arity$02:Ih
cljs$core$mapv$cljs$0core$0IFn$0_invoke$0arity$02:bi
cljs$core$max:ug
cljs$core$max_key:zk
cljs$core$merge:kk
cljs$core$merge_with:lk
cljs$core$meta:Tf
cljs$core$missing_protocol:ld
cljs$core$name:Hg
cljs$core$namespace:Fg
cljs$core$native_satisfies_QMARK_:w
cljs$core$never_equiv:bj
cljs$core$new_path:si
cljs$core$next:G
cljs$core$next_STAR_:Yg
cljs$core$nil_QMARK_:hd
cljs$core$nil_iter:ih
cljs$core$not:jd
cljs$core$not_EQ_$cljs$0core$0IFn$0_invoke$0arity$02:gh
cljs$core$not_empty:hh
cljs$core$nth:xf
cljs$core$nth$cljs$0core$0IFn$0_invoke$0arity$02:wf
cljs$core$nth$cljs$0core$0IFn$0_invoke$0arity$03:O
cljs$core$object_array$cljs$0core$0IFn$0_invoke$0arity$01:Rg
cljs$core$parents$cljs$0core$0IFn$0_invoke$0arity$01:zl
cljs$core$partial:Eh
cljs$core$partition$cljs$0core$0IFn$0_invoke$0arity$03:ci
cljs$core$peek:Uf
cljs$core$pop:Vf
cljs$core$pop_tail:zi
cljs$core$pr_opts:ad
cljs$core$pr_sb_with_opts:al
cljs$core$pr_sequential_writer:Pk
cljs$core$pr_str:cl
cljs$core$pr_str_STAR_:Le
cljs$core$pr_str_with_opts:bl
cljs$core$pr_writer:Xk
cljs$core$pr_writer_impl:Wk
cljs$core$prefers_STAR_:Bl
cljs$core$prim_seq$cljs$0core$0IFn$0_invoke$0arity$02:N
cljs$core$print_map:Yk
cljs$core$print_meta_QMARK_:Vk
cljs$core$print_prefix_map:fl
cljs$core$push_tail:ti
cljs$core$pv_clone_node:qi
cljs$core$pv_fresh_node:pi
cljs$core$pv_reduce$cljs$0core$0IFn$0_invoke$0arity$04:Ci
cljs$core$pv_reduce$cljs$0core$0IFn$0_invoke$0arity$05:Di
cljs$core$quot:wg
cljs$core$quote_string:Uk
cljs$core$range$cljs$0core$0IFn$0_invoke$0arity$03:Ek
cljs$core$ranged_iterator:Bi
cljs$core$re_find:Lk
cljs$core$re_matches:Kk
cljs$core$re_pattern:Ok
cljs$core$re_seq:Nk
cljs$core$re_seq_STAR_:Mk
cljs$core$record_QMARK_:bg
cljs$core$reduce:rd
cljs$core$reduce$cljs$0core$0IFn$0_invoke$0arity$02:og
cljs$core$reduce$cljs$0core$0IFn$0_invoke$0arity$03:qd
cljs$core$reduce_kv:pg
cljs$core$reduced_QMARK_:mf
cljs$core$remove$cljs$0core$0IFn$0_invoke$0arity$02:Zh
cljs$core$remove_pair:sj
cljs$core$repeat$cljs$0core$0IFn$0_invoke$0arity$02:Th
cljs$core$replace$cljs$0core$0IFn$0_invoke$0arity$02:vk
cljs$core$reset_BANG_:Mh
cljs$core$reset_cache:Al
cljs$core$rest:af
cljs$core$second:Gf
cljs$core$select_keys:mk
cljs$core$seq:D
cljs$core$seq_QMARK_:gg
cljs$core$seq_reduce:Ef
cljs$core$seq_reduce$cljs$0core$0IFn$0_invoke$0arity$02:Df
cljs$core$seq_reduce$cljs$0core$0IFn$0_invoke$0arity$03:Ff
cljs$core$sequential_QMARK_:$f
cljs$core$set:uk
cljs$core$set_QMARK_:Zf
cljs$core$some:Ah
cljs$core$spread:Tg
cljs$core$str:y
cljs$core$string_hash_cache:Re
cljs$core$string_hash_cache_count:Se
cljs$core$string_print:Sk
cljs$core$strip_ns:dl
cljs$core$subvec:Ti
cljs$core$swap_BANG_:Nh
cljs$core$symbol:Ye
cljs$core$t_cljs$0core18738:Xc
cljs$core$tail_off:ri
cljs$core$take$cljs$0core$0IFn$0_invoke$0arity$02:Ph
cljs$core$take_nth$cljs$0core$0IFn$0_invoke$0arity$02:Fk
cljs$core$throw_no_method_error:El
cljs$core$to_array:Qg
cljs$core$transduce$cljs$0core$0IFn$0_invoke$0arity$04:sg
cljs$core$transformer_iterator:yh
cljs$core$tree_map_add:bk
cljs$core$tree_map_append:ck
cljs$core$tree_map_kv_reduce:ak
cljs$core$tree_map_remove:dk
cljs$core$tree_map_replace:ek
cljs$core$tree_map_seq_push:Sj
cljs$core$tree_seq:$h
cljs$core$truth_:u
cljs$core$tv_editable_root:Fi
cljs$core$tv_editable_tail:Gi
cljs$core$tv_ensure_editable:Ui
cljs$core$tv_push_tail:Vi
cljs$core$type:kd
cljs$core$type__GT_str:md
cljs$core$unchecked_array_for:wi
cljs$core$unreduced:nf
cljs$core$update$cljs$0core$0IFn$0_invoke$0arity$03:hi
cljs$core$update$cljs$0core$0IFn$0_invoke$0arity$04:ii
cljs$core$update$cljs$0core$0IFn$0_invoke$0arity$0variadic:ji
cljs$core$update_in:gi
cljs$core$val:Ni
cljs$core$vals:jj
cljs$core$vec:Ki
cljs$core$vector:Oi
cljs$core$vector_QMARK_:cg
cljs$core$vector_index_out_of_bounds:vi
cljs$core$with_meta:Sf
cljs$core$write_all$cljs$0core$0IFn$0_invoke$0arity$0variadic:Rk
cljs$core$zipmap:yk
cljs$cst$keyword$_LT__DASH_:br
cljs$cst$keyword$_LT__GT_:$m
cljs$cst$keyword$_STAR_:tp
cljs$cst$keyword$a:Qr
cljs$cst$keyword$a_DOT_button:Wm
cljs$cst$keyword$a_DOT_button_DOT_is_DASH_info:su
cljs$cst$keyword$a_DOT_level_DASH_item:On
cljs$cst$keyword$a_DOT_like_DASH_dislike:Vn
cljs$cst$keyword$a_DOT_navbar_DASH_burger_DOT_burger:nm
cljs$cst$keyword$a_DOT_navbar_DASH_item:Go
cljs$cst$keyword$abort:rm
cljs$cst$keyword$accept:bs
cljs$cst$keyword$access_DASH_denied:tr
cljs$cst$keyword$action:mt
cljs$cst$keyword$active_DASH_panel:ro
cljs$cst$keyword$active_QMARK_:os
cljs$cst$keyword$add_DASH_event:tn
cljs$cst$keyword$after:Cr
cljs$cst$keyword$alt_DASH_impl:Zk
cljs$cst$keyword$ancestors:xl
cljs$cst$keyword$answer_DASH_comment_DASH_panel:eq
cljs$cst$keyword$aria_DASH_expanded:us
cljs$cst$keyword$aria_DASH_hidden:No
cljs$cst$keyword$aria_DASH_label:bu
cljs$cst$keyword$array_DASH_buffer:Tr
cljs$cst$keyword$article_DOT_media:kt
cljs$cst$keyword$atom:Lu
cljs$cst$keyword$auto_DASH_run:wq
cljs$cst$keyword$basic_DASH_auth:cn
cljs$cst$keyword$before:Lr
cljs$cst$keyword$blob:fm
cljs$cst$keyword$body:Rs
cljs$cst$keyword$br:et
cljs$cst$keyword$button_DOT_button:eu
cljs$cst$keyword$button_DOT_button_DOT_button_DASH_spacer:rr
cljs$cst$keyword$button_DOT_button_DOT_is_DASH_danger:Ln
cljs$cst$keyword$button_DOT_button_DOT_is_DASH_danger_DOT_login_DASH_btn:Io
cljs$cst$keyword$button_DOT_button_DOT_is_DASH_light:ou
cljs$cst$keyword$button_DOT_button_DOT_is_DASH_success:as
cljs$cst$keyword$button_DOT_button_DOT_is_DASH_success_DOT_login_DASH_btn:Vm
cljs$cst$keyword$callback:ho
cljs$cst$keyword$callback_DASH_name:js
cljs$cst$keyword$cancel:cp
cljs$cst$keyword$channel:Bp
cljs$cst$keyword$character:Jr
cljs$cst$keyword$childContextTypes:Sq
cljs$cst$keyword$class:bt
cljs$cst$keyword$cljsLegacyRender:Ro
cljs$cst$keyword$cljs_DOT_core_SLASH_not_DASH_found:ok
cljs$cst$keyword$coeffects:st
cljs$cst$keyword$cofx:jp
cljs$cst$keyword$col:Fo
cljs$cst$keyword$column:au
cljs$cst$keyword$comment:Ks
cljs$cst$keyword$comment_DASH_list:Dt
cljs$cst$keyword$comment_DASH_panel:kn
cljs$cst$keyword$comment_DASH_type:Gn
cljs$cst$keyword$comment_delete:ht
cljs$cst$keyword$comment_post:uu
cljs$cst$keyword$comment_vote:Pq
cljs$cst$keyword$comments:ko
cljs$cst$keyword$componentWillUnmount:Ur
cljs$cst$keyword$component_DASH_did_DASH_update:Ot
cljs$cst$keyword$component_DASH_will_DASH_unmount:Qn
cljs$cst$keyword$connection:li
cljs$cst$keyword$connection_DASH_init_DASH_payload:bm
cljs$cst$keyword$constructor:Mq
cljs$cst$keyword$content_DASH_type:am
cljs$cst$keyword$contextType:Wr
cljs$cst$keyword$contextTypes:Zp
cljs$cst$keyword$createdAt:Pm
cljs$cst$keyword$created_DASH_at:fs
cljs$cst$keyword$created_DASH_at_DASH_user:zp
cljs$cst$keyword$createdat:cr
cljs$cst$keyword$custom_DASH_error:Ht
cljs$cst$keyword$data:km
cljs$cst$keyword$data_DASH_target:Ps
cljs$cst$keyword$db:U
cljs$cst$keyword$db_DASH_handler:Cs
cljs$cst$keyword$debug:ls
cljs$cst$keyword$decoding:fn
cljs$cst$keyword$decoding_DASH_opts:jr
cljs$cst$keyword$default:Gl
cljs$cst$keyword$default_DASH_headers:Pn
cljs$cst$keyword$delete:Zl
cljs$cst$keyword$deregister_DASH_event_DASH_handler:Yp
cljs$cst$keyword$descendants:wl
cljs$cst$keyword$description:Bm
cljs$cst$keyword$direction:um
cljs$cst$keyword$dispatch:it
cljs$cst$keyword$dispatch_DASH_directly:mu
cljs$cst$keyword$dispatch_DASH_later:yr
cljs$cst$keyword$dispatch_DASH_n:Mt
cljs$cst$keyword$dispatch_DASH_panel:Oq
cljs$cst$keyword$dispatchable_DASH_event:ur
cljs$cst$keyword$displayName:Ls
cljs$cst$keyword$display_DASH_name:ds
cljs$cst$keyword$div:Hn
cljs$cst$keyword$div_DOT_buttons:Qq
cljs$cst$keyword$div_DOT_column_DOT_is_DASH_2:pp
cljs$cst$keyword$div_DOT_column_DOT_is_DASH_2_DOT_column_DASH_text:Hr
cljs$cst$keyword$div_DOT_column_DOT_is_DASH_3_DOT_column_DASH_text:en
cljs$cst$keyword$div_DOT_columns_DOT_is_DASH_centered:Rt
cljs$cst$keyword$div_DOT_columns_DOT_is_DASH_centered_DOT_space_DASH_left:ct
cljs$cst$keyword$div_DOT_columns_DOT_space_DASH_left:Ut
cljs$cst$keyword$div_DOT_container:Gp
cljs$cst$keyword$div_DOT_container_DASH_fluid:ut
cljs$cst$keyword$div_DOT_content:zu
cljs$cst$keyword$div_DOT_content_DOT_has_DASH_text_DASH_centered:Mn
cljs$cst$keyword$div_DOT_control:Gm
cljs$cst$keyword$div_DOT_field:hm
cljs$cst$keyword$div_DOT_field_DOT_column_DOT_is_DASH_1:Aq
cljs$cst$keyword$div_DOT_field_DOT_column_DOT_is_DASH_3:Bq
cljs$cst$keyword$div_DOT_field_DOT_column_DOT_is_DASH_4:Cq
cljs$cst$keyword$div_DOT_field_DOT_has_DASH_addons:lu
cljs$cst$keyword$div_DOT_field_DOT_is_DASH_grouped:er
cljs$cst$keyword$div_DOT_level_DASH_left:Sm
cljs$cst$keyword$div_DOT_media_DASH_content:gr
cljs$cst$keyword$div_DOT_navbar_DASH_brand:wn
cljs$cst$keyword$div_DOT_navbar_DASH_end:Yt
cljs$cst$keyword$div_DOT_navbar_DASH_item:Ho
cljs$cst$keyword$div_DOT_navbar_DASH_start:Po
cljs$cst$keyword$div_SHARP_navbarBasicExample_DOT_navbar_DASH_menu:eo
cljs$cst$keyword$div_SHARP_small_DASH_content_DOT_content:xm
cljs$cst$keyword$do_DASH_fx:En
cljs$cst$keyword$document:Iq
cljs$cst$keyword$download:pn
cljs$cst$keyword$dup:ed
cljs$cst$keyword$edn_DASH_params:Dq
cljs$cst$keyword$effects:Dn
cljs$cst$keyword$email:zm
cljs$cst$keyword$email_DASH_user:Gs
cljs$cst$keyword$encoding:Wt
cljs$cst$keyword$encoding_DASH_opts:vn
cljs$cst$keyword$eof:As
cljs$cst$keyword$error:An
cljs$cst$keyword$error_DASH_code:Zm
cljs$cst$keyword$error_DASH_text:ln
cljs$cst$keyword$errors:Ju
cljs$cst$keyword$event:Cn
cljs$cst$keyword$ex_DASH_kind:Zo
cljs$cst$keyword$exception:bn
cljs$cst$keyword$extensions:Ss
cljs$cst$keyword$fallback_DASH_impl:$k
cljs$cst$keyword$father:hr
cljs$cst$keyword$feed:wo
cljs$cst$keyword$ff_DASH_silent_DASH_error:Sn
cljs$cst$keyword$figure_DOT_media_DASH_left:Zq
cljs$cst$keyword$file:bq
cljs$cst$keyword$file_DASH_not_DASH_found:Yr
cljs$cst$keyword$finish_DASH_run:vr
cljs$cst$keyword$first:Nn
cljs$cst$keyword$flush_DASH_dom:St
cljs$cst$keyword$flush_DASH_on_DASH_newline:bd
cljs$cst$keyword$footer_DOT_footer_DOT_is_DASH_fixed_DASH_bottom:mp
cljs$cst$keyword$form_DASH_params:gu
cljs$cst$keyword$fsm_DASH_state:Lq
cljs$cst$keyword$fx:Kt
cljs$cst$keyword$fx_DASH_handler:op
cljs$cst$keyword$generic_DASH_user:du
cljs$cst$keyword$generic_DASH_user_DASH_panel:Vq
cljs$cst$keyword$get:zq
cljs$cst$keyword$getDerivedStateFromError:Ts
cljs$cst$keyword$getDerivedStateFromProps:Zr
cljs$cst$keyword$getInitialState:Um
cljs$cst$keyword$group:xs
cljs$cst$keyword$groupEnd:Ku
cljs$cst$keyword$hackernews_DASH_reframe_DOT_events_SLASH_change_DASH_comment_DASH_type:lr
cljs$cst$keyword$hackernews_DASH_reframe_DOT_events_SLASH_change_DASH_email:Qm
cljs$cst$keyword$hackernews_DASH_reframe_DOT_events_SLASH_change_DASH_new_DASH_email:qr
cljs$cst$keyword$hackernews_DASH_reframe_DOT_events_SLASH_change_DASH_new_DASH_pwd:qp
cljs$cst$keyword$hackernews_DASH_reframe_DOT_events_SLASH_change_DASH_new_DASH_pwd_DASH_conf:lt
cljs$cst$keyword$hackernews_DASH_reframe_DOT_events_SLASH_change_DASH_new_DASH_title:qo
cljs$cst$keyword$hackernews_DASH_reframe_DOT_events_SLASH_change_DASH_new_DASH_url:rs
cljs$cst$keyword$hackernews_DASH_reframe_DOT_events_SLASH_change_DASH_new_DASH_usr:es
cljs$cst$keyword$hackernews_DASH_reframe_DOT_events_SLASH_change_DASH_pwd:mr
cljs$cst$keyword$hackernews_DASH_reframe_DOT_events_SLASH_change_DASH_usr:un
cljs$cst$keyword$hackernews_DASH_reframe_DOT_events_SLASH_clean_DASH_comments:ep
cljs$cst$keyword$hackernews_DASH_reframe_DOT_events_SLASH_clean_DASH_posts:Sl
cljs$cst$keyword$hackernews_DASH_reframe_DOT_events_SLASH_clean_DASH_user_DASH_info:Nt
cljs$cst$keyword$hackernews_DASH_reframe_DOT_events_SLASH_delete_DASH_comment:Fr
cljs$cst$keyword$hackernews_DASH_reframe_DOT_events_SLASH_get_DASH_comment:ao
cljs$cst$keyword$hackernews_DASH_reframe_DOT_events_SLASH_get_DASH_father_DASH_comments:xo
cljs$cst$keyword$hackernews_DASH_reframe_DOT_events_SLASH_get_DASH_link:yp
cljs$cst$keyword$hackernews_DASH_reframe_DOT_events_SLASH_get_DASH_new_DASH_comment_DASH_vote_DASH_count:Vs
cljs$cst$keyword$hackernews_DASH_reframe_DOT_events_SLASH_get_DASH_new_DASH_vote_DASH_count:ym
cljs$cst$keyword$hackernews_DASH_reframe_DOT_events_SLASH_get_DASH_news:zt
cljs$cst$keyword$hackernews_DASH_reframe_DOT_events_SLASH_get_DASH_news_DASH_result:hu
cljs$cst$keyword$hackernews_DASH_reframe_DOT_events_SLASH_get_DASH_user_DASH_comments:Im
cljs$cst$keyword$hackernews_DASH_reframe_DOT_events_SLASH_get_DASH_user_DASH_info_DASH_by_DASH_name:$s
cljs$cst$keyword$hackernews_DASH_reframe_DOT_events_SLASH_get_DASH_user_DASH_posts:Op
cljs$cst$keyword$hackernews_DASH_reframe_DOT_events_SLASH_initialize_DASH_db:qn
cljs$cst$keyword$hackernews_DASH_reframe_DOT_events_SLASH_login:zs
cljs$cst$keyword$hackernews_DASH_reframe_DOT_events_SLASH_login_DASH_result:Pt
cljs$cst$keyword$hackernews_DASH_reframe_DOT_events_SLASH_logout:Rp
cljs$cst$keyword$hackernews_DASH_reframe_DOT_events_SLASH_new_DASH_comment:Ep
cljs$cst$keyword$hackernews_DASH_reframe_DOT_events_SLASH_post_DASH_comment:Yq
cljs$cst$keyword$hackernews_DASH_reframe_DOT_events_SLASH_refresh:ys
cljs$cst$keyword$hackernews_DASH_reframe_DOT_events_SLASH_refresh_DASH_result:Om
cljs$cst$keyword$hackernews_DASH_reframe_DOT_events_SLASH_remove_DASH_view:cq
cljs$cst$keyword$hackernews_DASH_reframe_DOT_events_SLASH_result_DASH_delete_DASH_comment:xr
cljs$cst$keyword$hackernews_DASH_reframe_DOT_events_SLASH_result_DASH_get_DASH_comments:Co
cljs$cst$keyword$hackernews_DASH_reframe_DOT_events_SLASH_result_DASH_get_DASH_comments_DASH_father:pm
cljs$cst$keyword$hackernews_DASH_reframe_DOT_events_SLASH_result_DASH_get_DASH_link:yu
cljs$cst$keyword$hackernews_DASH_reframe_DOT_events_SLASH_result_DASH_get_DASH_user_DASH_comments:Rl
cljs$cst$keyword$hackernews_DASH_reframe_DOT_events_SLASH_result_DASH_get_DASH_user_DASH_posts:Ct
cljs$cst$keyword$hackernews_DASH_reframe_DOT_events_SLASH_result_DASH_post_DASH_comment:Jq
cljs$cst$keyword$hackernews_DASH_reframe_DOT_events_SLASH_result_DASH_user_DASH_info:dq
cljs$cst$keyword$hackernews_DASH_reframe_DOT_events_SLASH_set_DASH_active_DASH_panel:Am
cljs$cst$keyword$hackernews_DASH_reframe_DOT_events_SLASH_sign:So
cljs$cst$keyword$hackernews_DASH_reframe_DOT_events_SLASH_signup_DASH_result:bp
cljs$cst$keyword$hackernews_DASH_reframe_DOT_events_SLASH_start_DASH_headers:Eo
cljs$cst$keyword$hackernews_DASH_reframe_DOT_events_SLASH_submit_DASH_post:no
cljs$cst$keyword$hackernews_DASH_reframe_DOT_events_SLASH_submit_DASH_result:Yn
cljs$cst$keyword$hackernews_DASH_reframe_DOT_events_SLASH_update_DASH_comment_DASH_main_DASH_father:gs
cljs$cst$keyword$hackernews_DASH_reframe_DOT_events_SLASH_update_DASH_re_DASH_graph:aq
cljs$cst$keyword$hackernews_DASH_reframe_DOT_events_SLASH_vote:Gu
cljs$cst$keyword$hackernews_DASH_reframe_DOT_events_SLASH_vote_DASH_comment:qm
cljs$cst$keyword$hackernews_DASH_reframe_DOT_subs_SLASH_active_DASH_panel:hq
cljs$cst$keyword$hackernews_DASH_reframe_DOT_subs_SLASH_comment_DASH_father:Hs
cljs$cst$keyword$hackernews_DASH_reframe_DOT_subs_SLASH_comment_DASH_type:Qp
cljs$cst$keyword$hackernews_DASH_reframe_DOT_subs_SLASH_comments_DASH_list:ir
cljs$cst$keyword$hackernews_DASH_reframe_DOT_subs_SLASH_confirm_DASH_pwd:ts
cljs$cst$keyword$hackernews_DASH_reframe_DOT_subs_SLASH_created_DASH_at_DASH_generic:$q
cljs$cst$keyword$hackernews_DASH_reframe_DOT_subs_SLASH_created_DASH_at_DASH_user:pr
cljs$cst$keyword$hackernews_DASH_reframe_DOT_subs_SLASH_email:Os
cljs$cst$keyword$hackernews_DASH_reframe_DOT_subs_SLASH_email_DASH_user:mo
cljs$cst$keyword$hackernews_DASH_reframe_DOT_subs_SLASH_karma_DASH_generic:zn
cljs$cst$keyword$hackernews_DASH_reframe_DOT_subs_SLASH_karma_DASH_user:Ir
cljs$cst$keyword$hackernews_DASH_reframe_DOT_subs_SLASH_login_DASH_error:fr
cljs$cst$keyword$hackernews_DASH_reframe_DOT_subs_SLASH_main_DASH_father_DASH_id:kq
cljs$cst$keyword$hackernews_DASH_reframe_DOT_subs_SLASH_name:om
cljs$cst$keyword$hackernews_DASH_reframe_DOT_subs_SLASH_new_DASH_comment:$r
cljs$cst$keyword$hackernews_DASH_reframe_DOT_subs_SLASH_new_DASH_comment_DASH_father_DASH_id:Nm
cljs$cst$keyword$hackernews_DASH_reframe_DOT_subs_SLASH_new_DASH_comment_DASH_link_DASH_id:ws
cljs$cst$keyword$hackernews_DASH_reframe_DOT_subs_SLASH_new_DASH_email:zo
cljs$cst$keyword$hackernews_DASH_reframe_DOT_subs_SLASH_new_DASH_pwd:ru
cljs$cst$keyword$hackernews_DASH_reframe_DOT_subs_SLASH_new_DASH_title:oq
cljs$cst$keyword$hackernews_DASH_reframe_DOT_subs_SLASH_new_DASH_url:Xn
cljs$cst$keyword$hackernews_DASH_reframe_DOT_subs_SLASH_new_DASH_usr:jo
cljs$cst$keyword$hackernews_DASH_reframe_DOT_subs_SLASH_news_DASH_list:Wo
cljs$cst$keyword$hackernews_DASH_reframe_DOT_subs_SLASH_news_DASH_page:Zt
cljs$cst$keyword$hackernews_DASH_reframe_DOT_subs_SLASH_non_DASH_nil_DASH_url_DASH_subs:vo
cljs$cst$keyword$hackernews_DASH_reframe_DOT_subs_SLASH_pwd:xt
cljs$cst$keyword$hackernews_DASH_reframe_DOT_subs_SLASH_pwd_DASH_new_DASH_conf:Br
cljs$cst$keyword$hackernews_DASH_reframe_DOT_subs_SLASH_reply_DASH_comment:Rr
cljs$cst$keyword$hackernews_DASH_reframe_DOT_subs_SLASH_signup_DASH_error:Et
cljs$cst$keyword$hackernews_DASH_reframe_DOT_subs_SLASH_username:Wq
cljs$cst$keyword$hackernews_DASH_reframe_DOT_subs_SLASH_username_DASH_generic:Ds
cljs$cst$keyword$handlers:tm
cljs$cst$keyword$head:oo
cljs$cst$keyword$headers:im
cljs$cst$keyword$hierarchy:Or
cljs$cst$keyword$href:Zn
cljs$cst$keyword$http:Mm
cljs$cst$keyword$http_DASH_error:Js
cljs$cst$keyword$http_DASH_parameters:Pl
cljs$cst$keyword$http_DASH_requests:np
cljs$cst$keyword$http_DASH_url:Do
cljs$cst$keyword$i_DOT_fas_DOT_fa_DASH_arrow_DASH_up:jq
cljs$cst$keyword$i_DOT_fas_DOT_fa_DASH_calendar:Vt
cljs$cst$keyword$i_DOT_fas_DOT_fa_DASH_envelope:nr
cljs$cst$keyword$i_DOT_fas_DOT_fa_DASH_lock:Tn
cljs$cst$keyword$i_DOT_fas_DOT_fa_DASH_search:Ao
cljs$cst$keyword$i_DOT_fas_DOT_fa_DASH_user:pt
cljs$cst$keyword$i_SHARP_h_DASH_n_DOT_fab_DOT_fa_DASH_hacker_DASH_news:ms
cljs$cst$keyword$id:xu
cljs$cst$keyword$idle:Nl
cljs$cst$keyword$illegal_DASH_argument:hn
cljs$cst$keyword$input_DOT_input:sq
cljs$cst$keyword$instance:Kn
cljs$cst$keyword$instance_DASH_name:Wn
cljs$cst$keyword$json:vp
cljs$cst$keyword$json_DASH_params:nt
cljs$cst$keyword$jsonp:Qt
cljs$cst$keyword$karma:Ap
cljs$cst$keyword$karma_DASH_user:vs
cljs$cst$keyword$key:cu
cljs$cst$keyword$keyword:Hu
cljs$cst$keyword$keyword_DASH_fn:ol
cljs$cst$keyword$keywordize_DASH_keys:sl
cljs$cst$keyword$keywordize_DASH_keys_QMARK_:Is
cljs$cst$keyword$label_DOT_label:Ns
cljs$cst$keyword$line:$l
cljs$cst$keyword$link:Wl
cljs$cst$keyword$linkId:mn
cljs$cst$keyword$linkText:It
cljs$cst$keyword$list:$t
cljs$cst$keyword$loaded:tq
cljs$cst$keyword$loading_DASH_news_QMARK_:Pp
cljs$cst$keyword$loading_QMARK_:Dm
cljs$cst$keyword$log:dm
cljs$cst$keyword$login:xq
cljs$cst$keyword$login_DASH_error_QMARK_:Un
cljs$cst$keyword$login_DASH_panel:Bn
cljs$cst$keyword$main_DASH_father:Dp
cljs$cst$keyword$map:Qs
cljs$cst$keyword$message:Jp
cljs$cst$keyword$meta:dd
cljs$cst$keyword$method:Eq
cljs$cst$keyword$more_DASH_marker:Qk
cljs$cst$keyword$ms:Vl
cljs$cst$keyword$multipart_DASH_params:Em
cljs$cst$keyword$name:qt
cljs$cst$keyword$namespaced_DASH_map:Kq
cljs$cst$keyword$nav_DOT_level_DOT_is_DASH_mobile:uo
cljs$cst$keyword$nav_SHARP_main_DASH_nav_DOT_navbar_DOT_item_DASH_a:Lo
cljs$cst$keyword$new_DASH_comment:$o
cljs$cst$keyword$new_DASH_email:Mo
cljs$cst$keyword$new_DASH_pwd:Tm
cljs$cst$keyword$new_DASH_title:Cm
cljs$cst$keyword$new_DASH_url:ft
cljs$cst$keyword$new_DASH_usr:Zs
cljs$cst$keyword$news_DASH_list:qs
cljs$cst$keyword$news_DASH_page:Iu
cljs$cst$keyword$news_DASH_panel:Up
cljs$cst$keyword$nil:rp
cljs$cst$keyword$no_DASH_cache:Ym
cljs$cst$keyword$no_DASH_error:Fn
cljs$cst$keyword$oauth_DASH_token:yt
cljs$cst$keyword$offline:Xp
cljs$cst$keyword$on_DASH_change:Xl
cljs$cst$keyword$on_DASH_click:Fm
cljs$cst$keyword$on_DASH_dispose:em
cljs$cst$keyword$on_DASH_set:At
cljs$cst$keyword$on_DASH_write:Ip
cljs$cst$keyword$order:Gq
cljs$cst$keyword$orderby:Xm
cljs$cst$keyword$p:Vr
cljs$cst$keyword$p_DOT_control_DOT_has_DASH_icons_DASH_left:Np
cljs$cst$keyword$padding_DASH_left:Ms
cljs$cst$keyword$params:qq
cljs$cst$keyword$parents:vl
cljs$cst$keyword$password:Ol
cljs$cst$keyword$past_DASH_panel:Tl
cljs$cst$keyword$patch:nu
cljs$cst$keyword$path:or
cljs$cst$keyword$pause:ss
cljs$cst$keyword$paused:wp
cljs$cst$keyword$payload:sn
cljs$cst$keyword$placeholder:Rm
cljs$cst$keyword$post:Xt
cljs$cst$keyword$post_DASH_panel:fu
cljs$cst$keyword$postedBy:hp
cljs$cst$keyword$prefix:In
cljs$cst$keyword$print_DASH_length:fd
cljs$cst$keyword$progress:yq
cljs$cst$keyword$put:Ql
cljs$cst$keyword$pwd:cm
cljs$cst$keyword$pwd_DASH_new_DASH_conf:Lt
cljs$cst$keyword$query:Gt
cljs$cst$keyword$query_DASH_params:Kp
cljs$cst$keyword$query_DASH_string:wr
cljs$cst$keyword$queue:ni
cljs$cst$keyword$re_DASH_frame_DASH_path_SLASH_db_DASH_store:Au
cljs$cst$keyword$re_DASH_frame_DOT_std_DASH_interceptors_SLASH_not_DASH_found:Tp
cljs$cst$keyword$re_DASH_frame_DOT_std_DASH_interceptors_SLASH_untrimmed_DASH_event:rt
cljs$cst$keyword$re_DASH_graph:Ul
cljs$cst$keyword$re_DASH_graph_DOT_core_SLASH_abort:iu
cljs$cst$keyword$re_DASH_graph_DOT_core_SLASH_destroy:ps
cljs$cst$keyword$re_DASH_graph_DOT_core_SLASH_init:kr
cljs$cst$keyword$re_DASH_graph_DOT_core_SLASH_mutate:at
cljs$cst$keyword$re_DASH_graph_DOT_core_SLASH_query:Rn
cljs$cst$keyword$re_DASH_graph_DOT_core_SLASH_subscribe:ju
cljs$cst$keyword$re_DASH_graph_DOT_core_SLASH_unsubscribe:Eu
cljs$cst$keyword$re_DASH_graph_DOT_internals_SLASH_call_DASH_abort:gm
cljs$cst$keyword$re_DASH_graph_DOT_internals_SLASH_call_DASH_callback:gn
cljs$cst$keyword$re_DASH_graph_DOT_internals_SLASH_callback:Ml
cljs$cst$keyword$re_DASH_graph_DOT_internals_SLASH_connect_DASH_ws:to
cljs$cst$keyword$re_DASH_graph_DOT_internals_SLASH_connection_DASH_init:Ws
cljs$cst$keyword$re_DASH_graph_DOT_internals_SLASH_default:an
cljs$cst$keyword$re_DASH_graph_DOT_internals_SLASH_destroyed_DASH_instance:sm
cljs$cst$keyword$re_DASH_graph_DOT_internals_SLASH_disconnect_DASH_ws:Ys
cljs$cst$keyword$re_DASH_graph_DOT_internals_SLASH_http_DASH_complete:on
cljs$cst$keyword$re_DASH_graph_DOT_internals_SLASH_instance:sp
cljs$cst$keyword$re_DASH_graph_DOT_internals_SLASH_on_DASH_ws_DASH_close:vt
cljs$cst$keyword$re_DASH_graph_DOT_internals_SLASH_on_DASH_ws_DASH_complete:Nr
cljs$cst$keyword$re_DASH_graph_DOT_internals_SLASH_on_DASH_ws_DASH_data:kp
cljs$cst$keyword$re_DASH_graph_DOT_internals_SLASH_on_DASH_ws_DASH_open:Fp
cljs$cst$keyword$re_DASH_graph_DOT_internals_SLASH_reconnect_DASH_ws:Lp
cljs$cst$keyword$re_DASH_graph_DOT_internals_SLASH_register_DASH_abort:gp
cljs$cst$keyword$re_DASH_graph_DOT_internals_SLASH_send_DASH_http:pq
cljs$cst$keyword$re_DASH_graph_DOT_internals_SLASH_send_DASH_ws:nn
cljs$cst$keyword$readOnly:rq
cljs$cst$keyword$readably:cd
cljs$cst$keyword$reader_DASH_error:io
cljs$cst$keyword$reader_DASH_exception:xp
cljs$cst$keyword$readers:Yl
cljs$cst$keyword$ready_QMARK_:mi
cljs$cst$keyword$reagentRender:Yo
cljs$cst$keyword$reagent_DASH_render:Kr
cljs$cst$keyword$reconnect_DASH_timeout:wt
cljs$cst$keyword$recur:Hm
cljs$cst$keyword$refresh:is
cljs$cst$keyword$remove_DASH_local_DASH_store:Bo
cljs$cst$keyword$render:uq
cljs$cst$keyword$reply_DASH_comment:pu
cljs$cst$keyword$request:gt
cljs$cst$keyword$request_DASH_method:Er
cljs$cst$keyword$resp:Tq
cljs$cst$keyword$response:Vp
cljs$cst$keyword$response_DASH_type:wu
cljs$cst$keyword$resume:ks
cljs$cst$keyword$resume_DASH_subscriptions_QMARK_:Gr
cljs$cst$keyword$role:Jm
cljs$cst$keyword$route:Jo
cljs$cst$keyword$row:fp
cljs$cst$keyword$rows:Es
cljs$cst$keyword$run_DASH_queue:lq
cljs$cst$keyword$running:Ko
cljs$cst$keyword$scheduled:yn
cljs$cst$keyword$scheme:Uo
cljs$cst$keyword$secretary_DOT_core_SLASH_map:Nq
cljs$cst$keyword$secretary_DOT_core_SLASH_sequential:Cp
cljs$cst$keyword$sequential:Jt
cljs$cst$keyword$server_DASH_name:Wp
cljs$cst$keyword$server_DASH_port:Fq
cljs$cst$keyword$set:rn
cljs$cst$keyword$set_DASH_local_DASH_store:Bu
cljs$cst$keyword$shouldComponentUpdate:vu
cljs$cst$keyword$sign_DASH_panel:ap
cljs$cst$keyword$signup:dt
cljs$cst$keyword$signup_DASH_error_QMARK_:Dr
cljs$cst$keyword$skip:$p
cljs$cst$keyword$small:jn
cljs$cst$keyword$span:lo
cljs$cst$keyword$span_DOT_icon_DOT_is_DASH_small_DOT_is_DASH_left:dr
cljs$cst$keyword$stack:Vo
cljs$cst$keyword$status:vm
cljs$cst$keyword$strable:Sr
cljs$cst$keyword$string:jm
cljs$cst$keyword$strong:ot
cljs$cst$keyword$style:go
cljs$cst$keyword$sub:Tt
cljs$cst$keyword$sub_DASH_protocol:zr
cljs$cst$keyword$subscriptions:Fu
cljs$cst$keyword$success:wm
cljs$cst$keyword$symbol:Xr
cljs$cst$keyword$tag:Xq
cljs$cst$keyword$target:Km
cljs$cst$keyword$text:fq
cljs$cst$keyword$textarea_DOT_textarea_DOT_is_DASH_info:Pr
cljs$cst$keyword$timeout:vq
cljs$cst$keyword$token:so
cljs$cst$keyword$total:Mp
cljs$cst$keyword$trace_DASH_redirects:mm
cljs$cst$keyword$transit_DASH_opts:Lm
cljs$cst$keyword$transit_DASH_params:Bt
cljs$cst$keyword$trigger:Mr
cljs$cst$keyword$trim_DASH_v:up
cljs$cst$keyword$type:fo
cljs$cst$keyword$unnamed:$n
cljs$cst$keyword$upload:hs
cljs$cst$keyword$uri:Us
cljs$cst$keyword$url:Xs
cljs$cst$keyword$user:Rq
cljs$cst$keyword$user_DASH_page:mq
cljs$cst$keyword$user_DASH_panel:yo
cljs$cst$keyword$user_comments:xn
cljs$cst$keyword$user_posts:To
cljs$cst$keyword$userdescription:Jn
cljs$cst$keyword$username:lp
cljs$cst$keyword$val:gl
cljs$cst$keyword$validator:Sp
cljs$cst$keyword$value:cs
cljs$cst$keyword$variables:Oo
cljs$cst$keyword$vector:ns
cljs$cst$keyword$vote:Ar
cljs$cst$keyword$votes:dp
cljs$cst$keyword$warn:tt
cljs$cst$keyword$websocket:ki
cljs$cst$keyword$with_DASH_credentials_QMARK_:ku
cljs$cst$keyword$ws_DASH_reconnect_DASH_timeout:Uq
cljs$cst$keyword$ws_DASH_sub_DASH_protocol:Qo
cljs$cst$keyword$ws_DASH_url:Cu
cljs$cst$keyword$yield:qu
cljs$cst$symbol$Inf:Ft
cljs$cst$symbol$NaN:Du
cljs$cst$symbol$_DASH_Inf:ip
cljs$cst$symbol$_SLASH_:dn
cljs$cst$symbol$blockable:tu
cljs$cst$symbol$clauses:Xo
cljs$cst$symbol$f:bo
cljs$cst$symbol$inst:jt
cljs$cst$symbol$js:Bs
cljs$cst$symbol$meta18739:jh
cljs$cst$symbol$meta23349:Hq
cljs$cst$symbol$meta24894:ar
cljs$cst$symbol$meta25005:Hp
cljs$cst$symbol$meta27629:gq
cljs$cst$symbol$orig_DASH_route:sr
cljs$cst$symbol$params:co
cljs$cst$symbol$queue:nq
cljs$cst$symbol$re:po
cljs$cst$symbol$uuid:iq
cljs$cst$symbol$val:Fs
cljs$cst$symbol$vec__27623:lm
cljs$reader$_STAR_default_data_reader_fn_STAR_:yD
cljs$reader$_STAR_tag_table_STAR_:zD
cljs$reader$check:wD
cljs$reader$days_in_month:tD
cljs$reader$parse_and_validate_timestamp:xD
cljs$reader$parse_int:vD
cljs$reader$read_string:AD
cljs$reader$timestamp_regex:uD
cljs$tools$reader$edn$dispatch_macros:VC
cljs$tools$reader$edn$escape_char:iD
cljs$tools$reader$edn$macro_terminating_QMARK_:QC
cljs$tools$reader$edn$macros:RC
cljs$tools$reader$edn$not_constituent_QMARK_:SC
cljs$tools$reader$edn$read:dD
cljs$tools$reader$edn$read$cljs$0core$0IFn$0_invoke$0arity$02:rD
cljs$tools$reader$edn$read$cljs$0core$0IFn$0_invoke$0arity$04:cD
cljs$tools$reader$edn$read_char_STAR_:$C
cljs$tools$reader$edn$read_delimited:bD
cljs$tools$reader$edn$read_discard:oD
cljs$tools$reader$edn$read_dispatch:UC
cljs$tools$reader$edn$read_keyword:lD
cljs$tools$reader$edn$read_list:eD
cljs$tools$reader$edn$read_map:gD
cljs$tools$reader$edn$read_meta:mD
cljs$tools$reader$edn$read_namespaced_map:pD
cljs$tools$reader$edn$read_number:hD
cljs$tools$reader$edn$read_set:nD
cljs$tools$reader$edn$read_string$cljs$0core$0IFn$0_invoke$0arity$02:sD
cljs$tools$reader$edn$read_string_STAR_:jD
cljs$tools$reader$edn$read_symbol:kD
cljs$tools$reader$edn$read_symbolic_value:qD
cljs$tools$reader$edn$read_tagged:WC
cljs$tools$reader$edn$read_token$cljs$0core$0IFn$0_invoke$0arity$04:TC
cljs$tools$reader$edn$read_unicode_char$cljs$0core$0IFn$0_invoke$0arity$04:YC
cljs$tools$reader$edn$read_unicode_char$cljs$0core$0IFn$0_invoke$0arity$05:ZC
cljs$tools$reader$edn$read_unmatched_delimiter:XC
cljs$tools$reader$edn$read_vector:fD
cljs$tools$reader$edn$starting_line_col_info:aD
cljs$tools$reader$impl$commons$float_pattern:KC
cljs$tools$reader$impl$commons$int_pattern:IC
cljs$tools$reader$impl$commons$match_number:MC
cljs$tools$reader$impl$commons$matches_QMARK_:LC
cljs$tools$reader$impl$commons$parse_symbol:NC
cljs$tools$reader$impl$commons$ratio_pattern:JC
cljs$tools$reader$impl$commons$read_comment:OC
cljs$tools$reader$impl$commons$read_past:HC
cljs$tools$reader$impl$commons$throwing_reader:PC
cljs$tools$reader$impl$errors$duplicate_keys_error:FC
cljs$tools$reader$impl$errors$eof_error$cljs$0core$0IFn$0_invoke$0arity$0variadic:yC
cljs$tools$reader$impl$errors$illegal_arg_error$cljs$0core$0IFn$0_invoke$0arity$0variadic:xC
cljs$tools$reader$impl$errors$reader_error$cljs$0core$0IFn$0_invoke$0arity$0variadic:wC
cljs$tools$reader$impl$errors$throw_bad_char:BC
cljs$tools$reader$impl$errors$throw_bad_octal_number:EC
cljs$tools$reader$impl$errors$throw_dup_keys:GC
cljs$tools$reader$impl$errors$throw_eof_reading$cljs$0core$0IFn$0_invoke$0arity$0variadic:CC
cljs$tools$reader$impl$errors$throw_ex$cljs$0core$0IFn$0_invoke$0arity$0variadic:vC
cljs$tools$reader$impl$errors$throw_invalid:AC
cljs$tools$reader$impl$errors$throw_invalid_unicode_digit:DC
cljs$tools$reader$impl$errors$throw_odd_map:zC
cljs$tools$reader$impl$inspect$inspect_STAR_:pC
cljs$tools$reader$impl$inspect$inspect_STAR__col:oC
cljs$tools$reader$impl$utils$char_code:eC
cljs$tools$reader$impl$utils$namespace_keys:dC
cljs$tools$reader$impl$utils$numeric_QMARK_:cC
cljs$tools$reader$impl$utils$whitespace_QMARK_:bC
cljs$tools$reader$impl$utils$ws_rx:aC
cljs$tools$reader$reader_types$PushbackReader:mC
cljs$tools$reader$reader_types$StringReader:lC
cljs$tools$reader$reader_types$get_column_number:jC
cljs$tools$reader$reader_types$get_file_name:kC
cljs$tools$reader$reader_types$get_line_number:iC
cljs$tools$reader$reader_types$indexing_reader_QMARK_:nC
cljs$tools$reader$reader_types$peek_char:gC
cljs$tools$reader$reader_types$read_char:fC
cljs$tools$reader$reader_types$unread:hC
cljs_http$client$acc_param:OE
cljs_http$client$decode_body:UE
cljs_http$client$default_transit_opts:YE
cljs_http$client$encode_param:TE
cljs_http$client$encode_val:RE
cljs_http$client$encode_vals:SE
cljs_http$client$generate_form_data:ZE
cljs_http$client$parse_query_params:PE
cljs_http$client$parse_url:QE
cljs_http$client$post$cljs$0core$0IFn$0_invoke$0arity$0variadic:bF
cljs_http$client$regex_char_esc_smap:wk
cljs_http$client$request:aF
cljs_http$client$wrap_accept$cljs$0core$0IFn$0_invoke$0arity$0variadic:WE
cljs_http$client$wrap_basic_auth$cljs$0core$0IFn$0_invoke$0arity$0variadic:$E
cljs_http$client$wrap_content_type$cljs$0core$0IFn$0_invoke$0arity$0variadic:XE
cljs_http$client$wrap_default_headers$cljs$0core$0IFn$0_invoke$0arity$0variadic:VE
cljs_http$core$apply_default_headers_BANG_:IE
cljs_http$core$apply_response_type_BANG_:JE
cljs_http$core$build_xhr:KE
cljs_http$core$error_kw:LE
cljs_http$core$jsonp:NE
cljs_http$core$pending_requests:HE
cljs_http$core$xhr:ME
cljs_http$util$build_headers:LD
cljs_http$util$build_url:JD
cljs_http$util$camelize:KD
cljs_http$util$json_decode:ND
cljs_http$util$parse_headers:OD
cljs_http$util$transit_encode:MD
clojure$data$atom_diff:Sx
clojure$data$diff:Vx
clojure$data$diff_associative:Wx
clojure$data$diff_associative_key:Ux
clojure$data$diff_sequential:Xx
clojure$data$diff_set:Yx
clojure$data$diff_similar:$x
clojure$data$equality_partition:Zx
clojure$data$vectorize:Tx
clojure$set$bubble_max_key:tv
clojure$set$difference:wv
clojure$set$intersection:vv
clojure$set$union$cljs$0core$0IFn$0_invoke$0arity$02:uv
clojure$string$capitalize:Vu
clojure$string$join$cljs$0core$0IFn$0_invoke$0arity$02:Uu
clojure$string$replace:Tu
clojure$string$replace_all:Ru
clojure$string$replace_with:Su
clojure$string$split$cljs$0core$0IFn$0_invoke$0arity$02:Xu
clojure$string$split$cljs$0core$0IFn$0_invoke$0arity$03:Yu
clojure$string$split_with_empty_regex:Wu
clojure$walk$keywordize_keys:av
clojure$walk$postwalk:$u
clojure$walk$walk:Zu
cognitect$transit$KeywordHandler:RB
cognitect$transit$ListHandler:TB
cognitect$transit$MapBuilder:OB
cognitect$transit$MapHandler:UB
cognitect$transit$SetHandler:VB
cognitect$transit$SymbolHandler:SB
cognitect$transit$UUIDHandler:XB
cognitect$transit$VectorBuilder:PB
cognitect$transit$VectorHandler:WB
cognitect$transit$WithMeta:YB
cognitect$transit$WithMetaHandler:ZB
cognitect$transit$opts_merge:NB
cognitect$transit$reader$cljs$0core$0IFn$0_invoke$0arity$02:QB
cognitect$transit$writer$cljs$0core$0IFn$0_invoke$0arity$02:$B
com$cognitect$transit$caching$ReadCache:uA
com$cognitect$transit$caching$WriteCache:tA
com$cognitect$transit$caching$idxToCode:sA
com$cognitect$transit$caching$isCacheable:rA
com$cognitect$transit$eq$equals:wA
com$cognitect$transit$eq$hashArrayLike:CA
com$cognitect$transit$eq$hashCode:BA
com$cognitect$transit$eq$hashCodeCounter:vA
com$cognitect$transit$eq$hashCombine:xA
com$cognitect$transit$eq$hashMapLike:AA
com$cognitect$transit$eq$stringCodeCache:yA
com$cognitect$transit$eq$stringCodeCacheSize:zA
com$cognitect$transit$handlers$ArrayHandler:nB
com$cognitect$transit$handlers$BooleanHandler:mB
com$cognitect$transit$handlers$BufferHandler:yB
com$cognitect$transit$handlers$DateHandler:qB
com$cognitect$transit$handlers$Handlers:AB
com$cognitect$transit$handlers$IntegerHandler:lB
com$cognitect$transit$handlers$KeywordHandler:sB
com$cognitect$transit$handlers$MapHandler:oB
com$cognitect$transit$handlers$NilHandler:iB
com$cognitect$transit$handlers$NumberHandler:kB
com$cognitect$transit$handlers$StringHandler:jB
com$cognitect$transit$handlers$SymbolHandler:tB
com$cognitect$transit$handlers$TaggedHandler:uB
com$cognitect$transit$handlers$TransitArrayMapHandler:wB
com$cognitect$transit$handlers$TransitMapHandler:xB
com$cognitect$transit$handlers$TransitSetHandler:vB
com$cognitect$transit$handlers$UUIDHandler:rB
com$cognitect$transit$handlers$Uint8ArrayHandler:zB
com$cognitect$transit$handlers$VerboseDateHandler:pB
com$cognitect$transit$handlers$ctorGuid:dB
com$cognitect$transit$handlers$ctorGuidProperty:fB
com$cognitect$transit$handlers$padZeros:hB
com$cognitect$transit$handlers$typeTag:gB
com$cognitect$transit$impl$decoder$Decoder:ZA
com$cognitect$transit$impl$decoder$Tag:YA
com$cognitect$transit$impl$reader$JSONUnmarshaller:bB
com$cognitect$transit$impl$reader$Reader:cB
com$cognitect$transit$impl$writer$JSONMarshaller:BB
com$cognitect$transit$impl$writer$Writer:KB
com$cognitect$transit$impl$writer$emitMap:IB
com$cognitect$transit$impl$writer$emitObjects:DB
com$cognitect$transit$impl$writer$isForeignObject:HB
com$cognitect$transit$impl$writer$isStringableKey:FB
com$cognitect$transit$impl$writer$marshal:EB
com$cognitect$transit$impl$writer$maybeQuoted:JB
com$cognitect$transit$impl$writer$stringableKeys:GB
com$cognitect$transit$reader:LB
com$cognitect$transit$types$ITERATOR:DA
com$cognitect$transit$types$Keyword:IA
com$cognitect$transit$types$MAX_INT:GA
com$cognitect$transit$types$MIN_INT:HA
com$cognitect$transit$types$Symbol:JA
com$cognitect$transit$types$TaggedValue:EA
com$cognitect$transit$types$TransitArrayMap:QA
com$cognitect$transit$types$TransitArrayMapIterator:MA
com$cognitect$transit$types$TransitMap:PA
com$cognitect$transit$types$TransitMapIterator:NA
com$cognitect$transit$types$TransitSet:WA
com$cognitect$transit$types$UUID:LA
com$cognitect$transit$types$hexFor:KA
com$cognitect$transit$types$map:VA
com$cognitect$transit$types$mapEquals:OA
com$cognitect$transit$types$print:RA
com$cognitect$transit$types$printMap:SA
com$cognitect$transit$types$printSet:TA
com$cognitect$transit$types$set:XA
com$cognitect$transit$types$taggedValue:FA
com$cognitect$transit$util$isArray:pA
com$cognitect$transit$util$objectKeys:oA
com$cognitect$transit$util$randHex:qA
com$cognitect$transit$writer:MB
container$jscomp$inline_2547:EH
docMode$jscomp$inline_1203:Ww
goog:ia
goog$Disposable:Ny
goog$Disposable$MonitoringMode$OFF:Oy
goog$Disposable$instances_:Py
goog$History:NG
goog$History$INPUT_EVENTS_:VG
goog$History$LEGACY_IE:QG
goog$History$PollingType$LONG:ZG
goog$History$PollingType$NORMAL:PG
goog$History$historyCount_:OG
goog$History$isOnHashChangeSupported:UG
goog$NONCE_PATTERN_:ka
goog$Promise:uy
goog$Promise$CallbackEntry_:zy
goog$Promise$CancellationError:Dy
goog$Promise$State_$FULFILLED:xy
goog$Promise$State_$PENDING:vy
goog$Promise$State_$REJECTED:yy
goog$Promise$addUnhandledRejection_:Ky
goog$Promise$freelist_:Ay
goog$Promise$getCallbackEntry_:By
goog$Promise$handleRejection_:My
goog$Promise$invokeCallback_:Ly
goog$Promise$tryThen_:Jy
goog$Thenable$isImplementedBy:jy
goog$Timer:wz
goog$Timer$callOnce:yz
goog$Timer$defaultTimerObject:xz
goog$UID_PROPERTY_:ta
goog$Uri:Gc
goog$Uri$QueryData:Kc
goog$Uri$decodeOrEmpty_:Jc
goog$Uri$encodeChar_:Rc
goog$Uri$encodeSpecialChars_:Lc
goog$Uri$reDisallowedInAbsolutePath_:Nc
goog$Uri$reDisallowedInFragment_:Pc
goog$Uri$reDisallowedInQuery_:Qc
goog$Uri$reDisallowedInRelativePath_:Oc
goog$Uri$reDisallowedInSchemeOrUserInfo_:Mc
goog$array$concat:bb
goog$array$find:$a
goog$array$forEach:Xa
goog$array$indexOf:Wa
goog$array$map:Ya
goog$array$some:Za
goog$array$toArray:cb
goog$asserts$AssertionError:Ca
goog$async$Deferred:Uz
goog$async$Deferred$AlreadyCalledError:Zz
goog$async$Deferred$CanceledError:Wz
goog$async$Deferred$Error_:cA
goog$async$Deferred$errorMap_:bA
goog$async$FreeList:ky
goog$async$WorkItem:my
goog$async$WorkQueue:ly
goog$async$WorkQueue$freelist_:ny
goog$async$nextTick:ex
goog$async$run:oy
goog$async$run$initializeRunner_:qy
goog$async$run$processWorkQueue:ty
goog$async$run$schedule_:py
goog$async$run$workQueueScheduled_:ry
goog$async$run$workQueue_:sy
goog$async$throwException:dx
goog$bind:xa
goog$bindJs_:wa
goog$bindNative_:va
goog$crypt$base64$HAS_NATIVE_ENCODE_:ED
goog$crypt$base64$byteToCharMaps_:CD
goog$crypt$base64$charToByteMap_:DD
goog$cspNonce_:la
goog$debug$Error:Ba
goog$dispose:Qy
goog$dom$DIRECT_ATTRIBUTE_MAP_:ax
goog$dom$createElement_:bx
goog$dom$getElementHelper_:Zw
goog$dom$getFrameContentDocument:cx
goog$dom$safe$replaceLocation:uc
goog$dom$safe$setLocationHref:tc
goog$dom$safe$setScriptSrc:sc
goog$dom$setProperties:$w
goog$dom$tags$VOID_TAGS_:ib
goog$events$BrowserEvent:Vy
goog$events$BrowserEvent$IE_POINTER_TYPE_MAP:Wy
goog$events$BrowserFeature$HAS_W3C_EVENT_SUPPORT:Ry
goog$events$BrowserFeature$PASSIVE_EVENTS:Ty
goog$events$BrowserFeature$SET_KEY_CODE_TO_PREVENT_DEFAULT:Sy
goog$events$Event:Uy
goog$events$EventHandler:IG
goog$events$EventHandler$typeArray_:JG
goog$events$EventTarget:uz
goog$events$LISTENER_MAP_PROP_:ez
goog$events$LISTENER_WRAPPER_PROP_:tz
goog$events$Listenable$IMPLEMENTED_BY_PROP:Xy
goog$events$Listenable$isImplementedBy:Yy
goog$events$ListenableKey$counter_:Zy
goog$events$Listener:$y
goog$events$ListenerMap:bz
goog$events$ListenerMap$findListenerIndex_:cz
goog$events$fireListener:sz
goog$events$fireListeners_:rz
goog$events$getListenerMap_:lz
goog$events$getOnString_:nz
goog$events$getProxy:mz
goog$events$handleBrowserEvent_:oz
goog$events$listen:hz
goog$events$listenOnce:iz
goog$events$listen_:kz
goog$events$listenerCountEstimate_:gz
goog$events$onStringMap_:fz
goog$events$unlisten:pz
goog$events$unlistenByKey:qz
goog$events$wrapListener:jz
goog$getUid:sa
goog$global:ja
goog$history$Event:LG
goog$html$SAFE_URL_PATTERN_:Nb
goog$html$SafeHtml:fc
goog$html$SafeHtml$EMPTY:qc
goog$html$SafeHtml$NOT_ALLOWED_TAG_NAMES_:mc
goog$html$SafeHtml$TYPE_MARKER_GOOG_HTML_SECURITY_PRIVATE_:gc
goog$html$SafeHtml$URL_ATTRIBUTES_:lc
goog$html$SafeHtml$VALID_NAMES_IN_TAG_:kc
goog$html$SafeHtml$concat:rc
goog$html$SafeHtml$create:nc
goog$html$SafeHtml$createSafeHtmlSecurityPrivateDoNotAccessOrElse:jc
goog$html$SafeHtml$createSafeHtmlTagSecurityPrivateDoNotAccessOrElse:oc
goog$html$SafeHtml$htmlEscape:ic
goog$html$SafeHtml$join:pc
goog$html$SafeHtml$unwrapTrustedHTML:hc
goog$html$SafeScript:ob
goog$html$SafeStyle:Qb
goog$html$SafeStyle$COMMENT_RE_:Xb
goog$html$SafeStyle$EMPTY:Sb
goog$html$SafeStyle$FUNCTIONS_RE_:Ub
goog$html$SafeStyle$TYPE_MARKER_GOOG_HTML_SECURITY_PRIVATE_:Rb
goog$html$SafeStyle$URL_RE_:Vb
goog$html$SafeStyle$VALUE_RE_:Wb
goog$html$SafeStyle$hasBalancedSquareBrackets_:Yb
goog$html$SafeStyle$sanitizePropertyValue_:Tb
goog$html$SafeStyle$sanitizeUrl_:Zb
goog$html$SafeStyleSheet:$b
goog$html$SafeUrl:Jb
goog$html$SafeUrl$CONSTRUCTOR_TOKEN_PRIVATE_:Kb
goog$html$SafeUrl$TYPE_MARKER_GOOG_HTML_SECURITY_PRIVATE_:Lb
goog$html$SafeUrl$sanitize:Ob
goog$html$SafeUrl$sanitizeAssertUnchanged:Pb
goog$html$SafeUrl$unwrap:Mb
goog$html$TrustedResourceUrl:pb
goog$html$TrustedResourceUrl$CONSTRUCTOR_TOKEN_PRIVATE_:qb
goog$html$TrustedResourceUrl$TYPE_MARKER_GOOG_HTML_SECURITY_PRIVATE_:rb
goog$html$TrustedResourceUrl$URL_PARAM_PARSER_:tb
goog$html$TrustedResourceUrl$stringifyParams_:vb
goog$html$TrustedResourceUrl$unwrapTrustedScriptURL:sb
goog$inherits:Aa
goog$isArray:na
goog$isArrayLike:pa
goog$isFunction:qa
goog$isObject:ra
goog$labs$userAgent$browser$matchChrome_:ec
goog$labs$userAgent$browser$matchFirefox_:dc
goog$labs$userAgent$platform$isIphone:Lw
goog$labs$userAgent$util$matchUserAgent:cc
goog$labs$userAgent$util$userAgent_:Hb
goog$memoize$simpleSerializer:MG
goog$net$DefaultXmlHttpFactory:Dz
goog$net$Jsonp:jA
goog$net$Jsonp$cleanup_:nA
goog$net$Jsonp$newErrorHandler_:mA
goog$net$Jsonp$newReplyHandler_:lA
goog$net$Jsonp$scriptCounter_:kA
goog$net$XhrIo:Fz
goog$net$XhrIo$HTTP_SCHEME_PATTERN:Hz
goog$net$XhrIo$METHODS_WITH_FORM_DATA:Iz
goog$net$XhrIo$ResponseType$DEFAULT:Gz
goog$net$XhrIo$buildProgressEvent_:Sz
goog$net$XhrIo$isContentTypeHeader_:ab
goog$net$XhrIo$shouldUseXhr2Timeout_:Lz
goog$net$XmlHttp$factory_:Cz
goog$net$XmlHttpFactory:zz
goog$net$jsloader$Error:fA
goog$net$jsloader$ErrorCode$LOAD_ERROR:hA
goog$net$jsloader$ErrorCode$TIMEOUT:gA
goog$net$jsloader$cancel_:Vz
goog$net$jsloader$cleanup_:eA
goog$net$jsloader$getScriptParentElement_:iA
goog$net$jsloader$safeLoad:dA
goog$now:za
goog$nullFunction:ma
goog$object$PROTOTYPE_FIELDS_:gb
goog$object$extend:hb
goog$object$forEach:db
goog$object$get:fb
goog$object$getKeys:eb
goog$partial:ya
goog$reflect$cache:Ea
goog$reflect$sinkValue:Da
goog$string$Const:jb
goog$string$Const$EMPTY:nb
goog$string$Const$GOOG_STRING_CONSTRUCTOR_TOKEN_PRIVATE_:kb
goog$string$Const$TYPE_MARKER_:lb
goog$string$Const$unwrap:mb
goog$string$StringBuffer:Uc
goog$string$capitalize:xc
goog$string$internal$ALL_RE_:zb
goog$string$internal$AMP_RE_:Ab
goog$string$internal$GT_RE_:Cb
goog$string$internal$LT_RE_:Bb
goog$string$internal$NULL_RE_:Fb
goog$string$internal$QUOT_RE_:Db
goog$string$internal$SINGLE_QUOTE_RE_:Eb
goog$string$internal$caseInsensitiveContains:Gb
goog$string$internal$compareElements_:Ib
goog$string$internal$htmlEscape:yb
goog$string$internal$isEmptyOrWhitespace:wb
goog$string$internal$trim:xb
goog$string$makeSafe:wc
goog$string$urlDecode:vc
goog$structs$Map:Ac
goog$structs$Map$defaultEquals:Dc
goog$structs$Map$hasKey_:Cc
goog$structs$forEach:zc
goog$structs$getValues:yc
goog$typeOf:l
goog$uidCounter_:ua
goog$uri$utils$parseQueryData:Fc
goog$uri$utils$splitRe_:Ec
goog$userAgent$EDGE:Ow
goog$userAgent$GECKO:Pw
goog$userAgent$IE:Nw
goog$userAgent$OPERA:Mw
goog$userAgent$VERSION:Tw
goog$userAgent$WEBKIT:Qw
goog$userAgent$getDocumentMode_:Sw
goog$userAgent$isVersionOrHigher:Xw
goog$userAgent$isVersionOrHigherCache_:Fa
goog$userAgent$product$SAFARI:BD
hackernews_reframe$db$default_db:hy
hackernews_reframe$events$add_local_storage:zG
hackernews_reframe$events$remove_comment:HG
hackernews_reframe$events$remove_new_id:FG
hackernews_reframe$events$update_votes_news:GG
hackernews_reframe$routes$app_routes:kH
hackernews_reframe$routes$hn_comment:dH
hackernews_reframe$routes$hn_user:iH
hackernews_reframe$routes$home:$G
hackernews_reframe$routes$hook_browser_navigation_BANG_:jH
hackernews_reframe$routes$login:aH
hackernews_reframe$routes$reply_comment:eH
hackernews_reframe$routes$sign:bH
hackernews_reframe$routes$submit:cH
hackernews_reframe$routes$user:hH
hackernews_reframe$routes$user_comments:fH
hackernews_reframe$routes$user_posts:gH
hackernews_reframe$views$answer_comment:mH
hackernews_reframe$views$answer_comment_panel:nH
hackernews_reframe$views$avoid_null:yH
hackernews_reframe$views$comment_panel:rH
hackernews_reframe$views$comment_row:oH
hackernews_reframe$views$extract_news_panel:sH
hackernews_reframe$views$generic_user_panel:zH
hackernews_reframe$views$login_panel:uH
hackernews_reframe$views$main_link:lH
hackernews_reframe$views$main_panel:Jw
hackernews_reframe$views$news_panel:tH
hackernews_reframe$views$organize_print_comments_linear:qH
hackernews_reframe$views$panels:BH
hackernews_reframe$views$past_panel:wH
hackernews_reframe$views$post_panel:vH
hackernews_reframe$views$post_row:pH
hackernews_reframe$views$show_panel:CH
hackernews_reframe$views$sign_panel:xH
hackernews_reframe$views$user_panel:AH
hierarchy__4623__auto__$jscomp$inline_2356:uC
method_cache__4621__auto__$jscomp$inline_2354:sC
method_table__4619__auto__$jscomp$inline_2352:qC
module$contents$goog$math$Long_Long:Ga
module$contents$goog$math$Long_Long$fromBits:Ja
module$contents$goog$math$Long_Long$fromNumber:Sa
module$contents$goog$math$Long_Long$fromString:Va
module$contents$goog$math$Long_MAX_VALUE_:Ua
module$contents$goog$math$Long_MIN_VALUE_:Oa
module$contents$goog$math$Long_NEG_ONE_:Qa
module$contents$goog$math$Long_ONE_:Pa
module$contents$goog$math$Long_ZERO_:Ra
module$node_modules$react$index:Qu
module$node_modules$react_dom$index:Ew
navigator$jscomp$inline_1199:Rw
navigator$jscomp$inline_347:ac
no$en$core$base64_encode:FD
no$en$core$pow:ID
no$en$core$url_decode:HD
no$en$core$url_encode:GD
prefer_table__4620__auto__$jscomp$inline_2353:rC
re_frame$cofx$inject_db:Rx
re_frame$core$reg_event_db:ey
re_frame$core$reg_event_fx$cljs$0core$0IFn$0_invoke$0arity$02:fy
re_frame$core$reg_event_fx$cljs$0core$0IFn$0_invoke$0arity$03:gy
re_frame$db$app_db:jx
re_frame$events$_STAR_handling_STAR_:yx
re_frame$events$handle:zx
re_frame$fx$do_fx:Qx
re_frame$fx$reg_fx:Px
re_frame$interceptor$__GT_interceptor$cljs$0core$0IFn$0_invoke$0arity$0variadic:tx
re_frame$interceptor$assoc_coeffect:wx
re_frame$interceptor$assoc_effect:ux
re_frame$interceptor$get_coeffect$cljs$0core$0IFn$0_invoke$0arity$02:vx
re_frame$interceptor$invoke_interceptors:xx
re_frame$interop$add_on_dispose_BANG_:gx
re_frame$interop$deref_QMARK_:fx
re_frame$interop$empty_queue:Hh
re_frame$interop$reagent_id:ix
re_frame$interop$set_timeout_BANG_:hx
re_frame$loggers$console:lx
re_frame$loggers$console$cljs$0core$0IFn$0_invoke$0arity$0variadic:mx
re_frame$loggers$loggers:kx
re_frame$registrar$clear_handlers:sx
re_frame$registrar$get_handler$cljs$0core$0IFn$0_invoke$0arity$02:qx
re_frame$registrar$kind__GT_id__GT_handler:px
re_frame$registrar$register_handler:rx
re_frame$router$dispatch:Y
re_frame$router$dispatch_sync:Z
re_frame$router$event_queue:Ox
re_frame$router$later_fns:Hx
re_frame$std_interceptors$db_handler__GT_interceptor:by
re_frame$std_interceptors$fx_handler__GT_interceptor:cy
re_frame$std_interceptors$path$cljs$0core$0IFn$0_invoke$0arity$0variadic:dy
re_frame$std_interceptors$trim_v:ay
re_frame$subs$cache_and_return:Cx
re_frame$subs$cache_lookup$cljs$0core$0IFn$0_invoke$0arity$02:Dx
re_frame$subs$clear_subscription_cache_BANG_:Bx
re_frame$subs$deref_input_signals:Fx
re_frame$subs$map_vals:Ex
re_frame$subs$query__GT_reaction:Ax
re_frame$subs$reg_sub:X
re_frame$subs$reg_sub$cljs$0core$0IFn$0_invoke$0arity$0variadic:Gx
re_frame$subs$subscribe:W
re_frame$utils$dissoc_in:nx
re_frame$utils$first_in_vector:ox
re_graph$internals$cons_interceptor:cF
re_graph$internals$deactivate_subscriptions:lF
re_graph$internals$default_ws_url:sF
re_graph$internals$insert_http_status:gF
re_graph$internals$interceptors:eF
re_graph$internals$on_close:oF
re_graph$internals$on_error:pF
re_graph$internals$on_open$cljs$0core$0IFn$0_invoke$0arity$02:nF
re_graph$internals$on_ws_message:mF
re_graph$internals$re_graph_instance:dF
re_graph$internals$valid_graphql_errors_QMARK_:fF
re_graph$logging$fmt:iy
reagent$core$after_render:Kw
reagent$dom$render$cljs$0core$0IFn$0_invoke$0arity$03:Hw
reagent$dom$render_comp:Gw
reagent$dom$roots:Fw
reagent$impl$batching$RenderQueue:qv
reagent$impl$batching$compare_mount_order:mv
reagent$impl$batching$enqueue:pv
reagent$impl$batching$fake_raf:kv
reagent$impl$batching$mount_count:jv
reagent$impl$batching$next_tick:lv
reagent$impl$batching$queue_render:sv
reagent$impl$batching$ratom_flush:nv
reagent$impl$batching$render_queue:rv
reagent$impl$batching$run_funs:ov
reagent$impl$component$_STAR_current_component_STAR_:Sv
reagent$impl$component$as_element:Vv
reagent$impl$component$built_in_static_method_names:nk
reagent$impl$component$camelify_map_keys:bw
reagent$impl$component$create_class:ew
reagent$impl$component$custom_wrapper:Yv
reagent$impl$component$dash_to_method_name:aw
reagent$impl$component$get_wrapper:Zv
reagent$impl$component$map_to_js:dw
reagent$impl$component$obligatory:$v
reagent$impl$component$props_argv:Tv
reagent$impl$component$rat_opts:Rv
reagent$impl$component$reagent_class_QMARK_:Uv
reagent$impl$component$static_fns:Xv
reagent$impl$component$wrap_funs:cw
reagent$impl$component$wrap_render:Wv
reagent$impl$template$HiccupTag:ww
reagent$impl$template$as_element:Bw
reagent$impl$template$cache_get:hw
reagent$impl$template$convert_custom_prop_value:mw
reagent$impl$template$convert_prop_value:jw
reagent$impl$template$custom_kv_conv:lw
reagent$impl$template$custom_prop_name_cache:kw
reagent$impl$template$expand_seq:Dw
reagent$impl$template$find_dom_node:nw
reagent$impl$template$get_key:xw
reagent$impl$template$input_component_set_value:qw
reagent$impl$template$input_handle_change:rw
reagent$impl$template$input_node_set_value:pw
reagent$impl$template$input_render_setup:sw
reagent$impl$template$input_spec:vw
reagent$impl$template$key_from_vec:yw
reagent$impl$template$kv_conv:iw
reagent$impl$template$make_element:uw
reagent$impl$template$native_element:Aw
reagent$impl$template$prop_name_cache:gw
reagent$impl$template$re_tag:fw
reagent$impl$template$reagent_input_class:tw
reagent$impl$template$tag_name_cache:zw
reagent$impl$template$these_inputs_have_selection_api:ow
reagent$impl$template$vec_to_elem:Cw
reagent$impl$util$_STAR_always_update_STAR_:iv
reagent$impl$util$capitalize:dv
reagent$impl$util$class_names:hv
reagent$impl$util$dash_to_prop_name:ev
reagent$impl$util$dont_camel_case:cv
reagent$impl$util$fun_name:fv
reagent$impl$util$is_client:bv
reagent$impl$util$named_QMARK_:gv
reagent$ratom$RAtom:Gv
reagent$ratom$RCursor:Lv
reagent$ratom$Reaction:Ov
reagent$ratom$Track:Kv
reagent$ratom$_STAR_ratom_context_STAR_:xv
reagent$ratom$add_on_dispose_BANG_:Nv
reagent$ratom$add_w:Av
reagent$ratom$atom:Hv
reagent$ratom$cached_reaction:Iv
reagent$ratom$deref_capture:yv
reagent$ratom$dispose_BANG_:Mv
reagent$ratom$flush_BANG_:Fv
reagent$ratom$handle_reaction_change:ue
reagent$ratom$make_reaction:Jv
reagent$ratom$notify_deref_watcher_BANG_:zv
reagent$ratom$notify_w:Cv
reagent$ratom$pr_atom:Dv
reagent$ratom$rea_queue:Ev
reagent$ratom$remove_w:Bv
reagent$ratom$run_in_reaction:Qv
reagent$ratom$temp_reaction:Pv
rhex$jscomp$inline_1553:eB
root_el$jscomp$inline_2484:Iw
secretary:YF
secretary$core:ZF
secretary$core$IRenderRoute:bG
secretary$core$IRenderRoute$render_route$dyn_27720:dG
secretary$core$_STAR_config_STAR_:eG
secretary$core$_STAR_routes_STAR_:vG
secretary$core$add_route_BANG_:wG
secretary$core$assoc_in_query_params:mG
secretary$core$compile_route:tG
secretary$core$decode:kG
secretary$core$decode_query_params:nG
secretary$core$encode:hG
secretary$core$encode_pair:iG
secretary$core$get_config:fG
secretary$core$invalid_params:yG
secretary$core$key_index$cljs$0core$0IFn$0_invoke$0arity$02:jG
secretary$core$lex_STAR_:rG
secretary$core$lex_route:sG
secretary$core$locate_route:xG
secretary$core$parse_path:lG
secretary$core$re_escape:qG
secretary$core$re_escape_chars:pG
secretary$core$re_matches_STAR_:oG
secretary$core$render_route:cG
secretary$core$render_route_STAR_:uG
secretary$core$route_matches:aG
secretary$core$set_config_BANG_:gG
secretary$core$t_secretary$0core27628:$F
shadow$js$files:Mu
shadow$js$jsRequire:Pu
shadow$js$nativeRequires:Nu
shadow$js$requireStack:Ou
userAgent$jscomp$inline_348:bc
version$jscomp$inline_1201:Uw
