ESC:di
SAFE_HTML_TYPE_MARKER_GOOG_HTML_SECURITY_PRIVATE_:Mg
SAFE_STYLE_TYPE_MARKER_GOOG_HTML_SECURITY_PRIVATE_:Ng
SAFE_URL_TYPE_MARKER_GOOG_HTML_SECURITY_PRIVATE_:Og
STRING_CONST_TYPE_MARKER__GOOG_STRING_SECURITY_PRIVATE_:Pg
TRUSTED_RESOURCE_URL_TYPE_MARKER_GOOG_HTML_SECURITY_PRIVATE_:Qg
__hash:A
_entries:ia
_hash:Jc
_keys:Kc
_marshaller:kd
_meta:Fb
_name:ya
_next:Ua
_rest:Ne
_seq:ld
accesses:Hf
active_:cc
actualEventTarget_:Rg
add_BANG_:nb
add_left:If
add_right:Jf
afn:J
afterRender:Sd
always:Td
args:md
arr:j
arrayBuilder:Lc
ascending_QMARK_:nc
auto_run:Gb
backingMap:ga
balance_left:Kf
balance_right:Lf
beforeFlush:Ud
bitmap:la
blacken:Mb
blockable:Mf
blocked_:Oe
blocking_:Sg
boundTick_:Nf
branches_:Pe
bucket:oc
bucketIdx:dc
buf:S
buf_len:Qe
buf_pos:sb
buffer_:ec
cacheSize:Tg
cachedOptions_:Of
cached_hierarchy:Vd
callOnce:Wd
callbackEntriesTail_:Mc
callbackEntries_:fc
callbackParamName_:Ug
caught:Re
cause:Pf
cb:Qf
check_:Nc
chunk:ja
chunk_next:nd
ci:od
clauses:Vg
cleanupWhenDone:Wg
cljs$core$APersistentVector$:Se
cljs$core$Fn$:Xg
cljs$core$IAssociative$:Yg
cljs$core$IAssociative$_assoc$arity$3:Va
cljs$core$IChunk$_drop_first$arity$1:Te
cljs$core$IChunkedNext$_chunked_next$arity$1:Ue
cljs$core$IChunkedSeq$:ei
cljs$core$IChunkedSeq$_chunked_first$arity$1:Xd
cljs$core$IChunkedSeq$_chunked_rest$arity$1:Oc
cljs$core$ICloneable$_clone$arity$1:Ka
cljs$core$ICollection$:fi
cljs$core$ICollection$_conj$arity$2:ea
cljs$core$ICounted$:Zg
cljs$core$ICounted$_count$arity$1:aa
cljs$core$IDeref$:Rf
cljs$core$IDeref$_deref$arity$1:Hb
cljs$core$IEditableCollection$:$g
cljs$core$IEditableCollection$_as_transient$arity$1:Pc
cljs$core$IEmptyableCollection$:ah
cljs$core$IEmptyableCollection$_empty$arity$1:ca
cljs$core$IEncodeClojure$:gi
cljs$core$IEncodeClojure$_js__GT_clj$arity$2:bh
cljs$core$IEncodeJS$:dh
cljs$core$IEncodeJS$_clj__GT_js$arity$1:eh
cljs$core$IEquiv$_equiv$arity$2:H
cljs$core$IFind$:hc
cljs$core$IFind$_find$arity$2:Nb
cljs$core$IFn$:hi
cljs$core$IFn$_invoke$arity$0:B
cljs$core$IFn$_invoke$arity$1:a
cljs$core$IFn$_invoke$arity$10:Wa
cljs$core$IFn$_invoke$arity$11:Xa
cljs$core$IFn$_invoke$arity$12:Ya
cljs$core$IFn$_invoke$arity$13:Za
cljs$core$IFn$_invoke$arity$14:$a
cljs$core$IFn$_invoke$arity$15:ab
cljs$core$IFn$_invoke$arity$16:bb
cljs$core$IFn$_invoke$arity$17:cb
cljs$core$IFn$_invoke$arity$18:eb
cljs$core$IFn$_invoke$arity$19:fb
cljs$core$IFn$_invoke$arity$2:g
cljs$core$IFn$_invoke$arity$20:gb
cljs$core$IFn$_invoke$arity$21:Ve
cljs$core$IFn$_invoke$arity$22:fh
cljs$core$IFn$_invoke$arity$3:h
cljs$core$IFn$_invoke$arity$4:D
cljs$core$IFn$_invoke$arity$5:T
cljs$core$IFn$_invoke$arity$6:Ha
cljs$core$IFn$_invoke$arity$7:hb
cljs$core$IFn$_invoke$arity$8:La
cljs$core$IFn$_invoke$arity$9:ib
cljs$core$IFn$_invoke$arity$variadic:o
cljs$core$IHash$:We
cljs$core$IHash$_hash$arity$1:R
cljs$core$IIndexed$:Sf
cljs$core$IIndexed$_nth$arity$2:M
cljs$core$IIndexed$_nth$arity$3:pa
cljs$core$IIterable$:ii
cljs$core$IIterable$_iterator$arity$1:Ma
cljs$core$IKVReduce$:ji
cljs$core$IKVReduce$_kv_reduce$arity$3:Qc
cljs$core$IList$:ki
cljs$core$ILookup$:gh
cljs$core$ILookup$_lookup$arity$2:za
cljs$core$ILookup$_lookup$arity$3:V
cljs$core$IMap$:hh
cljs$core$IMap$_dissoc$arity$2:Yd
cljs$core$IMapEntry$:li
cljs$core$IMapEntry$_key$arity$1:Xe
cljs$core$IMapEntry$_val$arity$1:Ye
cljs$core$IMeta$:Tf
cljs$core$IMeta$_meta$arity$1:W
cljs$core$INamed$:Uf
cljs$core$INamed$_name$arity$1:pd
cljs$core$INamed$_namespace$arity$1:qd
cljs$core$INext$:rd
cljs$core$INext$_next$arity$1:qa
cljs$core$IPrintWithWriter$:ba
cljs$core$IPrintWithWriter$_pr_writer$arity$3:O
cljs$core$IRecord$:ih
cljs$core$IReduce$:jh
cljs$core$IReduce$_reduce$arity$2:ra
cljs$core$IReduce$_reduce$arity$3:sa
cljs$core$IReset$_reset_BANG_$arity$2:Ja
cljs$core$ISeq$:F
cljs$core$ISeq$_first$arity$1:ma
cljs$core$ISeq$_rest$arity$1:ua
cljs$core$ISeqable$:Vf
cljs$core$ISeqable$_seq$arity$1:Y
cljs$core$ISequential$:Ze
cljs$core$ISet$:kh
cljs$core$ISet$_disjoin$arity$2:$e
cljs$core$IStack$_peek$arity$1:Ob
cljs$core$IStack$_pop$arity$1:Pb
cljs$core$ISwap$_swap_BANG_$arity$2:Zd
cljs$core$ISwap$_swap_BANG_$arity$3:$d
cljs$core$ISwap$_swap_BANG_$arity$4:ae
cljs$core$ISwap$_swap_BANG_$arity$5:be
cljs$core$ITransientAssociative$_assoc_BANG_$arity$3:Rc
cljs$core$ITransientCollection$_conj_BANG_$arity$2:Sc
cljs$core$ITransientCollection$_persistent_BANG_$arity$1:sd
cljs$core$IVector$:mi
cljs$core$IVector$_assoc_n$arity$3:tb
cljs$core$IWatchable$_add_watch$arity$3:td
cljs$core$IWatchable$_notify_watches$arity$3:ce
cljs$core$IWatchable$_remove_watch$arity$2:ud
cljs$core$IWithMeta$_with_meta$arity$2:X
cljs$core$IWriter$_write$arity$2:Wf
cljs$core$async$impl$protocols$Buffer$add_BANG__STAR_$arity$2:Xf
cljs$core$async$impl$protocols$Channel$close_BANG_$arity$1:vd
cljs$core$async$impl$protocols$Handler$active_QMARK_$arity$1:Yf
cljs$core$async$impl$protocols$Handler$blockable_QMARK_$arity$1:af
cljs$core$async$impl$protocols$Handler$commit$arity$1:Zf
cljs$core$async$impl$protocols$ReadPort$take_BANG_$arity$2:bf
cljs$core$async$impl$protocols$WritePort$put_BANG_$arity$3:de
cljs$lang$applyTo:G
cljs$lang$ctorPrWriter:Tc
cljs$lang$ctorStr:Qb
cljs$lang$maxFixedArity:C
cljs$lang$protocol_mask$partition$:wd
cljs$lang$protocol_mask$partition0$:l
cljs$lang$protocol_mask$partition1$:I
cljs$lang$type:pc
cljs$tools$reader$reader_types$IPushbackReader$unread$arity$2:$f
cljs$tools$reader$reader_types$IndexingReader$:ni
cljs$tools$reader$reader_types$IndexingReader$get_column_number$arity$1:lh
cljs$tools$reader$reader_types$IndexingReader$get_file_name$arity$1:mh
cljs$tools$reader$reader_types$IndexingReader$get_line_number$arity$1:nh
cljs$tools$reader$reader_types$Reader$peek_char$arity$1:xd
cljs$tools$reader$reader_types$Reader$read_char$arity$1:qc
cljsDOMValue:ee
cljsInputDirty:ag
cljsInputLive:cf
cljsLegacyRender:oh
cljsMountOrder:bg
cljsReactClass:cg
cljsRenderedValue:ph
cljsState:qh
clojure$data$Diff$diff_similar$arity$2:rh
clojure$data$EqualityPartition$equality_partition$arity$1:sh
cnt:v
coll:fe
collision_hash:Rb
com$cognitect$transit$equals:ob
com$cognitect$transit$hashCode:ub
comp:jb
completed:df
componentQueue:ge
containsKey:yd
continue_:dg
count_:ta
create_:th
custom:uh
decoder:vh
defaultHandler:ef
defaultScope_:eg
default_dispatch_val:wh
defaults:zd
deferred_:fg
dir_:gg
dirty_QMARK_:ic
dirty_puts:he
dirty_takes:ie
dispatch_fn:K
dispose:ff
disposeInternal:vb
disposed_:Uc
documentLoaded:gf
domain_:jc
edit:ha
editable_QMARK_:Vc
enabled_:je
encodedQuery_:kb
ensure_editable:rc
equals:Ib
errorDispatched_:hf
error_:ke
eventHandler_:sc
eventTargetListeners_:Sb
event_:Wc
executeCallbacks_:xh
executing_:jf
f:U
fired_:Xc
fn:Tb
fqn:Na
fragment_:tc
front:Ia
fseq:Yc
fsm_state:le
gen:Ad
getBasis:me
getCount:hg
getDirection:Zc
getKeys:lb
getListener:Bd
getSetImmediateEmulator_:yh
getTypedStringValue:mb
getValues:Jb
hadError_:Cd
hadUnhandledRejection_:ne
handler:Ra
handlerForForeign:Dd
handler_:kf
handlers:Ba
hasNext:fa
has_nil_QMARK_:Ga
hashCode:ka
hash_map:Kb
head_:oe
hiddenInput_:pe
hierarchy:qe
high_:da
i:w
id_:uc
idx:oa
ieProgId_:ig
iframeSrc_:lf
iframe_:re
ignoreCase_:pb
implementsGoogI18nBidiDirectionalString:mf
implementsGoogStringTypedString:wb
inAbort_:vc
inOpen_:nf
inSend_:se
initSecurityPrivateDoNotAccessOrElse_:kc
inode_assoc:xb
inode_assoc_BANG_:yb
inode_find:Ed
inode_lookup:wc
inode_seq:Fd
inode_without:Gd
interval_:te
isEmpty:xc
isReadOnly_:zh
iter:$c
keyMap_:Aa
keySet:yc
keys_:wa
kv_reduce:zc
lastErrorCode_:Ac
lastError_:Bc
lastToken_:Hd
lastUri_:ue
last_:jg
len:Cc
limit_:Ah
listenOnce:kg
listeners:Oa
lockedToken_:Id
longerPolling_:ad
low_:na
mapBuilder:qb
map_:Lb
marshaller:Bh
meta18739:Ch
meta23349:Dh
meta24894:Eh
meta25005:Fh
meta27629:Gh
method_cache:ve
method_table:we
more:zb
mseq:Z
multi:Hh
next_entry:Jd
next_iter:Ab
nil_val:Da
nocache_QMARK_:lg
nodes:Bb
nonce_:mg
ns:bd
obj:pf
objectBuilder:ng
occupants_:xe
off:Ea
onCancelFunction_:og
onDisposeCallbacks_:Ub
onDocumentLoaded:Ih
onFulfilled:Kd
onHashChange_:Jh
onProgressHandler_:pg
onReadyStateChangeEntryPoint_:Kh
onReadyStateChange_:qg
onRejected:cd
onShow_:Lh
on_dispose:rg
on_dispose_arr:sg
on_set:Mh
operaDefibrillator_:Nh
opts:lc
orig_route:Oh
params:tg
parentEventTarget_:qf
parent_:Sa
path_:Vb
port_:Dc
post_event_callback_fns:Ph
preferBuffers:rf
preferStrings:ye
prefer_table:Qh
prev_seed:sf
privateDoNotAccessOrElseSafeHtmlWrappedValue_:tf
privateDoNotAccessOrElseSafeScriptWrappedValue_:ug
privateDoNotAccessOrElseSafeStyleSheetWrappedValue_:vg
privateDoNotAccessOrElseSafeStyleWrappedValue_:uf
privateDoNotAccessOrElseSafeUrlWrappedValue_:wg
privateDoNotAccessOrElseTrustedResourceUrlWrappedValue_:xg
progressEventsEnabled_:yg
propagationStopped_:Ec
puts:Wb
queryData_:rb
ratom:va
rdr:zg
re:Ag
reaction:Ld
reagReactionCache:vf
reagent$ratom$IDisposable$add_on_dispose_BANG_$arity$2:Bg
reagent$ratom$IDisposable$dispose_BANG_$arity$1:wf
reagent$ratom$IReactiveAtom$:ze
reagentRender:xf
rear:Pa
redden:Md
removeAll:Ae
removed:dd
reset_:Rh
responseType_:Be
rest:Cb
result_:Xb
returnValue_:Cg
riter:Nd
root_iter:Dg
s:N
s_len:Eg
s_pos:ed
sb:Sh
scheduled_QMARK_:Ce
scheme_:Yb
script_:Fg
secretary$core$IRenderRoute$:Th
secretary$core$IRenderRoute$render_route$arity$1:Gg
secretary$core$IRenderRoute$render_route$arity$2:Hg
secretary$core$IRouteMatches$route_matches$arity$2:fd
seed:De
seen:yf
sequence_:Ee
setIgnoreCase:zf
setImmediate_:Ig
shouldEnable_:Jg
silentlyCanceled_:Af
sourceIter:Bf
state_:Db
str:Qa
stringConstValueWithSecurityContract__googStringSecurityPrivate_:Kg
superClass_:Fc
takes:gd
throwError:Uh
tick_:Vh
timeoutId_:Fe
timeoutInterval_:Od
timeout_:mc
timerObject_:Pd
timer_:Fa
token:Wh
transient_map:Gc
tree:Zb
tree_map:$b
typeCount_:Qd
unblockAndFulfill_:Xh
unblockAndReject_:Yh
unhandledErrorId_:Ge
unicode:oi
unlisten:Cf
unmarshaller:Zh
unpack:He
unsetIframe_:Lg
uri_:$h
useSetImmediate_:ai
useXhr2Timeout_:Df
userInfo_:Hc
userVisible_:hd
uuid:ac
v:xa
val:s
validator:Ef
vals:Ie
vec:Ta
vec__27623:bi
verbose:Rd
watches:Ca
watchesArr:Ff
watching:Ic
window_:bc
withCredentials_:Gf
workHead_:jd
workTail_:Je
wrapCallback_:ci
xf:Eb
xform:Ke
xhrOptions_:Le
xhr_:P
xmlHttpFactory_:Me
